Archive member included to satisfy reference by file (symbol)

/home/khoa/workspace/tools/gcc-arm-none-eabi-8-2018-q4-major/arm-none-eabi/lib/thumb/v7-m/nofp/libc.a(lib_a-atof.o)
                              build_arm_cortex_m3_base_application_stm32l/WString.o (atof)
/home/khoa/workspace/tools/gcc-arm-none-eabi-8-2018-q4-major/arm-none-eabi/lib/thumb/v7-m/nofp/libc.a(lib_a-atol.o)
                              build_arm_cortex_m3_base_application_stm32l/WString.o (atol)
/home/khoa/workspace/tools/gcc-arm-none-eabi-8-2018-q4-major/arm-none-eabi/lib/thumb/v7-m/nofp/libc.a(lib_a-isspace.o)
                              build_arm_cortex_m3_base_application_stm32l/WString.o (isspace)
/home/khoa/workspace/tools/gcc-arm-none-eabi-8-2018-q4-major/arm-none-eabi/lib/thumb/v7-m/nofp/libc.a(lib_a-malloc.o)
                              build_arm_cortex_m3_base_application_stm32l/message.o (malloc)
/home/khoa/workspace/tools/gcc-arm-none-eabi-8-2018-q4-major/arm-none-eabi/lib/thumb/v7-m/nofp/libc.a(lib_a-mallocr.o)
                              /home/khoa/workspace/tools/gcc-arm-none-eabi-8-2018-q4-major/arm-none-eabi/lib/thumb/v7-m/nofp/libc.a(lib_a-malloc.o) (_malloc_r)
/home/khoa/workspace/tools/gcc-arm-none-eabi-8-2018-q4-major/arm-none-eabi/lib/thumb/v7-m/nofp/libc.a(lib_a-memcmp.o)
                              build_arm_cortex_m3_base_application_stm32l/task_fw.o (memcmp)
/home/khoa/workspace/tools/gcc-arm-none-eabi-8-2018-q4-major/arm-none-eabi/lib/thumb/v7-m/nofp/libc.a(lib_a-memcpy.o)
                              build_arm_cortex_m3_base_application_stm32l/message.o (memcpy)
/home/khoa/workspace/tools/gcc-arm-none-eabi-8-2018-q4-major/arm-none-eabi/lib/thumb/v7-m/nofp/libc.a(lib_a-memmove.o)
                              build_arm_cortex_m3_base_application_stm32l/PubSubClient.o (memmove)
/home/khoa/workspace/tools/gcc-arm-none-eabi-8-2018-q4-major/arm-none-eabi/lib/thumb/v7-m/nofp/libc.a(lib_a-memset.o)
                              build_arm_cortex_m3_base_application_stm32l/xprintf.o (memset)
/home/khoa/workspace/tools/gcc-arm-none-eabi-8-2018-q4-major/arm-none-eabi/lib/thumb/v7-m/nofp/libc.a(lib_a-mlock.o)
                              /home/khoa/workspace/tools/gcc-arm-none-eabi-8-2018-q4-major/arm-none-eabi/lib/thumb/v7-m/nofp/libc.a(lib_a-mallocr.o) (__malloc_lock)
/home/khoa/workspace/tools/gcc-arm-none-eabi-8-2018-q4-major/arm-none-eabi/lib/thumb/v7-m/nofp/libc.a(lib_a-rand.o)
                              build_arm_cortex_m3_base_application_stm32l/WMath.o (srand)
/home/khoa/workspace/tools/gcc-arm-none-eabi-8-2018-q4-major/arm-none-eabi/lib/thumb/v7-m/nofp/libc.a(lib_a-realloc.o)
                              build_arm_cortex_m3_base_application_stm32l/MPU6050.o (realloc)
/home/khoa/workspace/tools/gcc-arm-none-eabi-8-2018-q4-major/arm-none-eabi/lib/thumb/v7-m/nofp/libc.a(lib_a-reallocr.o)
                              /home/khoa/workspace/tools/gcc-arm-none-eabi-8-2018-q4-major/arm-none-eabi/lib/thumb/v7-m/nofp/libc.a(lib_a-realloc.o) (_realloc_r)
/home/khoa/workspace/tools/gcc-arm-none-eabi-8-2018-q4-major/arm-none-eabi/lib/thumb/v7-m/nofp/libc.a(lib_a-sbrkr.o)
                              /home/khoa/workspace/tools/gcc-arm-none-eabi-8-2018-q4-major/arm-none-eabi/lib/thumb/v7-m/nofp/libc.a(lib_a-mallocr.o) (_sbrk_r)
/home/khoa/workspace/tools/gcc-arm-none-eabi-8-2018-q4-major/arm-none-eabi/lib/thumb/v7-m/nofp/libc.a(lib_a-strcat.o)
                              build_arm_cortex_m3_base_application_stm32l/dtostrf.o (strcat)
/home/khoa/workspace/tools/gcc-arm-none-eabi-8-2018-q4-major/arm-none-eabi/lib/thumb/v7-m/nofp/libc.a(lib_a-strchr.o)
                              build_arm_cortex_m3_base_application_stm32l/WString.o (strchr)
/home/khoa/workspace/tools/gcc-arm-none-eabi-8-2018-q4-major/arm-none-eabi/lib/thumb/v7-m/nofp/libc.a(lib_a-strcmp.o)
                              build_arm_cortex_m3_base_application_stm32l/cmd_line.o (strcmp)
/home/khoa/workspace/tools/gcc-arm-none-eabi-8-2018-q4-major/arm-none-eabi/lib/thumb/v7-m/nofp/libc.a(lib_a-strcpy.o)
                              build_arm_cortex_m3_base_application_stm32l/sys_dbg.o (strcpy)
/home/khoa/workspace/tools/gcc-arm-none-eabi-8-2018-q4-major/arm-none-eabi/lib/thumb/v7-m/nofp/libc.a(lib_a-strlen-stub.o)
                              build_arm_cortex_m3_base_application_stm32l/qrcode.o (strlen)
/home/khoa/workspace/tools/gcc-arm-none-eabi-8-2018-q4-major/arm-none-eabi/lib/thumb/v7-m/nofp/libc.a(lib_a-strncmp.o)
                              build_arm_cortex_m3_base_application_stm32l/WString.o (strncmp)
/home/khoa/workspace/tools/gcc-arm-none-eabi-8-2018-q4-major/arm-none-eabi/lib/thumb/v7-m/nofp/libc.a(lib_a-strncpy.o)
                              build_arm_cortex_m3_base_application_stm32l/WString.o (strncpy)
/home/khoa/workspace/tools/gcc-arm-none-eabi-8-2018-q4-major/arm-none-eabi/lib/thumb/v7-m/nofp/libc.a(lib_a-strrchr.o)
                              build_arm_cortex_m3_base_application_stm32l/WString.o (strrchr)
[...]
Memory Configuration

Name             Origin             Length             Attributes
BSF              0x0000000008002000 0x0000000000001000 xr
FLASH            0x0000000008003000 0x000000000000d000 xr
SRAM             0x0000000020000000 0x0000000000004000 xrw
*default*        0x0000000000000000 0xffffffffffffffff

Linker script and memory map

                0x0000000000000400                HEAP_SIZE = 0x400

.start_boot_share_data_flash
                0x0000000008002000        0x0
                0x0000000008002000                _start_boot_share_data_flash = .

.start_flash    0x0000000008003000        0x0
                0x0000000008003000                _start_flash = .

.isr_vector     0x0000000008003000       0xf4
                0x0000000008003000                _isr_vector = .
 *(.isr_vector)
 .isr_vector    0x0000000008003000       0xf4 build_arm_cortex_m3_base_application_stm32l/system.o
                0x0000000008003000                isr_vector
                0x00000000080030f4                . = ALIGN (0x4)

.text           0x00000000080030f8     0xb568
                0x00000000080030f8                . = ALIGN (0x4)
 *(.text)
 .text          0x00000000080030f8       0xec /home/khoa/workspace/tools/gcc-arm-none-eabi-8-2018-q4-major/arm-none-eabi/lib/thumb/v7-m/nofp/libc.a(lib_a-memcpy.o)
                0x00000000080030f8                memcpy
 .text          0x00000000080031e4      0x1bc /home/khoa/workspace/tools/gcc-arm-none-eabi-8-2018-q4-major/arm-none-eabi/lib/thumb/v7-m/nofp/libc.a(lib_a-strcmp.o)
                0x00000000080031e4                strcmp
 .text          0x00000000080033a0      0x378 /home/khoa/workspace/tools/gcc-arm-none-eabi-8-2018-q4-major/lib/gcc/arm-none-eabi/8.2.1/thumb/v7-m/nofp/libgcc.a(_arm_addsubdf3.o)
                0x00000000080033a0                __aeabi_drsub
                0x00000000080033a8                __aeabi_dsub
                0x00000000080033a8                __subdf3
                0x00000000080033ac                __adddf3
                0x00000000080033ac                __aeabi_dadd
                0x0000000008003624                __aeabi_ui2d
                0x0000000008003624                __floatunsidf
                0x0000000008003644                __floatsidf
                0x0000000008003644                __aeabi_i2d
                0x0000000008003668                __extendsfdf2
                0x0000000008003668                __aeabi_f2d
                0x00000000080036ac                __aeabi_ul2d
                0x00000000080036ac                __floatundidf
                0x00000000080036bc                __floatdidf
                0x00000000080036bc                __aeabi_l2d
 .text          0x0000000008003718      0x424 /home/khoa/workspace/tools/gcc-arm-none-eabi-8-2018-q4-major/lib/gcc/arm-none-eabi/8.2.1/thumb/v7-m/nofp/libgcc.a(_arm_muldivdf3.o)
                0x0000000008003718                __aeabi_dmul
                0x0000000008003718                __muldf3
                0x000000000800396c                __aeabi_ddiv
                0x000000000800396c                __divdf3
 .text          0x0000000008003b3c       0x40 /home/khoa/workspace/tools/gcc-arm-none-eabi-8-2018-q4-major/lib/gcc/arm-none-eabi/8.2.1/thumb/v7-m/nofp/libgcc.a(_arm_fixunsdfsi.o)
                0x0000000008003b3c                __fixunsdfsi
                0x0000000008003b3c                __aeabi_d2uiz
 .text          0x0000000008003b7c      0x21c /home/khoa/workspace/tools/gcc-arm-none-eabi-8-2018-q4-major/lib/gcc/arm-none-eabi/8.2.1/thumb/v7-m/nofp/libgcc.a(_arm_addsubsf3.o)
                0x0000000008003b7c                __aeabi_frsub
                0x0000000008003b84                __subsf3
                0x0000000008003b84                __aeabi_fsub
                0x0000000008003b88                __aeabi_fadd
                0x0000000008003b88                __addsf3
                0x0000000008003ce8                __aeabi_ui2f
                0x0000000008003ce8                __floatunsisf
                0x0000000008003cf0                __aeabi_i2f
                0x0000000008003cf0                __floatsisf
                0x0000000008003d0c                __floatundisf
                0x0000000008003d0c                __aeabi_ul2f
                0x0000000008003d1c                __floatdisf
                0x0000000008003d1c                __aeabi_l2f
 *(.text*)
 .text.fsm_dispatch
                0x0000000008003d98        0x8 build_arm_cortex_m3_base_application_stm32l/fsm.o
                0x0000000008003d98                fsm_dispatch
 .text.task_create
                0x0000000008003da0       0x44 build_arm_cortex_m3_base_application_stm32l/task.o
                0x0000000008003da0                task_create
 .text.task_post
                0x0000000008003de4       0x90 build_arm_cortex_m3_base_application_stm32l/task.o
                0x0000000008003de4                task_post
 .text.task_remove_msg
                0x0000000008003e74       0x9c build_arm_cortex_m3_base_application_stm32l/task.o
                0x0000000008003e74                task_remove_msg
 .text.task_post_pure_msg
                0x0000000008003f10       0x18 build_arm_cortex_m3_base_application_stm32l/task.o
                0x0000000008003f10                task_post_pure_msg
 .text.task_post_common_msg
                0x0000000008003f28       0x28 build_arm_cortex_m3_base_application_stm32l/task.o
                0x0000000008003f28                task_post_common_msg
 .text.task_entry_interrupt
                0x0000000008003f50       0x38 build_arm_cortex_m3_base_application_stm32l/task.o
                0x0000000008003f50                task_entry_interrupt
 .text.task_exit_interrupt
                0x0000000008003f88       0x24 build_arm_cortex_m3_base_application_stm32l/task.o
                0x0000000008003f88                task_exit_interrupt
 .text.task_init
                0x0000000008003fac       0x40 build_arm_cortex_m3_base_application_stm32l/task.o
                0x0000000008003fac                task_init
 .text.task_run
                0x0000000008003fec      0x15c build_arm_cortex_m3_base_application_stm32l/task.o
                0x0000000008003fec                task_run
 .text.get_current_task_id
                0x0000000008004148        0xc build_arm_cortex_m3_base_application_stm32l/task.o
                0x0000000008004148                get_current_task_id
 .text.get_current_task_info
                0x0000000008004154        0x8 build_arm_cortex_m3_base_application_stm32l/task.o
                0x0000000008004154                get_current_task_info
 .text.get_current_active_object
                0x000000000800415c        0x8 build_arm_cortex_m3_base_application_stm32l/task.o
                0x000000000800415c                get_current_active_object
 .text.timer_remove_msg
                0x0000000008004164       0x5c build_arm_cortex_m3_base_application_stm32l/timer.o
 .text.task_timer_tick
                0x00000000080041c0       0x9c build_arm_cortex_m3_base_application_stm32l/timer.o
                0x00000000080041c0                task_timer_tick
 .text.timer_init
                0x000000000800425c       0x54 build_arm_cortex_m3_base_application_stm32l/timer.o
                0x000000000800425c                timer_init
 .text.timer_tick
                0x00000000080042b0       0x38 build_arm_cortex_m3_base_application_stm32l/timer.o
                0x00000000080042b0                timer_tick
 .text.timer_set
                0x00000000080042e8       0x98 build_arm_cortex_m3_base_application_stm32l/timer.o
                0x00000000080042e8                timer_set
 .text.timer_remove_attr
                0x0000000008004380       0x18 build_arm_cortex_m3_base_application_stm32l/timer.o
                0x0000000008004380                timer_remove_attr
 .text.msg_init
                0x0000000008004398       0xc0 build_arm_cortex_m3_base_application_stm32l/message.o
                0x0000000008004398                msg_init
 .text.msg_free
                0x0000000008004458       0x94 build_arm_cortex_m3_base_application_stm32l/message.o
                0x0000000008004458                msg_free
 .text.msg_inc_ref_count
                0x00000000080044ec       0x2c build_arm_cortex_m3_base_application_stm32l/message.o
                0x00000000080044ec                msg_inc_ref_count
 .text.ak_malloc
                0x0000000008004518       0x5c build_arm_cortex_m3_base_application_stm32l/message.o
                0x0000000008004518                ak_malloc
 .text.ak_free  0x0000000008004574        0x4 build_arm_cortex_m3_base_application_stm32l/message.o
                0x0000000008004574                ak_free
 .text.get_pure_msg
                0x0000000008004578       0x40 build_arm_cortex_m3_base_application_stm32l/message.o
                0x0000000008004578                get_pure_msg
 .text.get_common_msg
                0x00000000080045b8       0x44 build_arm_cortex_m3_base_application_stm32l/message.o
                0x00000000080045b8                get_common_msg
 .text.set_data_common_msg
                0x00000000080045fc       0x50 build_arm_cortex_m3_base_application_stm32l/message.o
                0x00000000080045fc                set_data_common_msg
 .text.get_data_common_msg
                0x000000000800464c       0x28 build_arm_cortex_m3_base_application_stm32l/message.o
                0x000000000800464c                get_data_common_msg
 .text.get_data_len_common_msg
                0x0000000008004674       0x28 build_arm_cortex_m3_base_application_stm32l/message.o
                0x0000000008004674                get_data_len_common_msg
 .text.get_dynamic_msg
                0x000000000800469c       0x44 build_arm_cortex_m3_base_application_stm32l/message.o
                0x000000000800469c                get_dynamic_msg
 .text.set_data_dynamic_msg
                0x00000000080046e0       0x3c build_arm_cortex_m3_base_application_stm32l/message.o
                0x00000000080046e0                set_data_dynamic_msg
 .text.get_data_dynamic_msg
                0x000000000800471c       0x28 build_arm_cortex_m3_base_application_stm32l/message.o
                0x000000000800471c                get_data_dynamic_msg
 .text.get_data_len_dynamic_msg
                0x0000000008004744        0x4 build_arm_cortex_m3_base_application_stm32l/message.o
                0x0000000008004744                get_data_len_dynamic_msg
 .text.log_queue_init
                0x0000000008004748       0x30 build_arm_cortex_m3_base_application_stm32l/log_queue.o
                0x0000000008004748                log_queue_init
 .text.log_queue_len
                0x0000000008004778        0x4 build_arm_cortex_m3_base_application_stm32l/log_queue.o
                0x0000000008004778                log_queue_len
 .text.log_queue_put
                0x000000000800477c       0x60 build_arm_cortex_m3_base_application_stm32l/log_queue.o
                0x000000000800477c                log_queue_put
 .text.log_queue_get
                0x00000000080047dc       0x30 build_arm_cortex_m3_base_application_stm32l/log_queue.o
                0x00000000080047dc                log_queue_get
 .text.fifo_init
                0x000000000800480c       0x14 build_arm_cortex_m3_base_application_stm32l/fifo.o
                0x000000000800480c                fifo_init
 .text.fifo_availble
                0x0000000008004820        0x4 build_arm_cortex_m3_base_application_stm32l/fifo.o
                0x0000000008004820                fifo_availble
 .text.fifo_is_full
                0x0000000008004824       0x10 build_arm_cortex_m3_base_application_stm32l/fifo.o
                0x0000000008004824                fifo_is_full
 .text.fifo_put
                0x0000000008004834       0x58 build_arm_cortex_m3_base_application_stm32l/fifo.o
                0x0000000008004834                fifo_put
 .text.fifo_get
                0x000000000800488c       0x54 build_arm_cortex_m3_base_application_stm32l/fifo.o
                0x000000000800488c                fifo_get
 .text.ring_buffer_char_init
                0x00000000080048e0        0xc build_arm_cortex_m3_base_application_stm32l/ring_buffer.o
                0x00000000080048e0                ring_buffer_char_init
 .text.ring_buffer_char_is_empty
                0x00000000080048ec        0xc build_arm_cortex_m3_base_application_stm32l/ring_buffer.o
                0x00000000080048ec                ring_buffer_char_is_empty
 .text.ring_buffer_char_put
                0x00000000080048f8       0x38 build_arm_cortex_m3_base_application_stm32l/ring_buffer.o
                0x00000000080048f8                ring_buffer_char_put
 .text.ring_buffer_char_get
                0x0000000008004930       0x2c build_arm_cortex_m3_base_application_stm32l/ring_buffer.o
                0x0000000008004930                ring_buffer_char_get
 .text.mem_read
                0x000000000800495c       0x20 build_arm_cortex_m3_base_application_stm32l/utils.o
                0x000000000800495c                mem_read
 .text.mem_write
                0x000000000800497c       0x20 build_arm_cortex_m3_base_application_stm32l/utils.o
                0x000000000800497c                mem_write
 .text.xputc    0x000000000800499c       0x28 build_arm_cortex_m3_base_application_stm32l/xprintf.o
                0x000000000800499c                xputc
 .text.xputchar
                0x00000000080049c4        0xc build_arm_cortex_m3_base_application_stm32l/xprintf.o
                0x00000000080049c4                xputchar
 .text.xstream  0x00000000080049d0      0x18c build_arm_cortex_m3_base_application_stm32l/xprintf.o
                0x00000000080049d0                xstream
 .text.xprintf  0x0000000008004b5c       0x28 build_arm_cortex_m3_base_application_stm32l/xprintf.o
                0x0000000008004b5c                xprintf
 .text.set_dymc_output_type
                0x0000000008004b84       0x18 build_arm_cortex_m3_base_application_stm32l/xprintf.o
                0x0000000008004b84                set_dymc_output_type
 .text.cmd_line_parser
                0x0000000008004b9c       0x84 build_arm_cortex_m3_base_application_stm32l/cmd_line.o
                0x0000000008004b9c                cmd_line_parser
 .text.button_init
                0x0000000008004c20       0x34 build_arm_cortex_m3_base_application_stm32l/button.o
                0x0000000008004c20                button_init
 .text.button_enable
                0x0000000008004c54        0x8 build_arm_cortex_m3_base_application_stm32l/button.o
                0x0000000008004c54                button_enable
 .text.button_timer_polling
                0x0000000008004c5c       0x78 build_arm_cortex_m3_base_application_stm32l/button.o
                0x0000000008004c5c                button_timer_polling
 .text.flash_wait_to_idle
                0x0000000008004cd4       0x44 build_arm_cortex_m3_base_application_stm32l/flash.o
 .text.flash_set_write_enable.constprop.0
                0x0000000008004d18       0x1c build_arm_cortex_m3_base_application_stm32l/flash.o
 .text.flash_read
                0x0000000008004d34       0x4c build_arm_cortex_m3_base_application_stm32l/flash.o
                0x0000000008004d34                flash_read
 .text.flash_write
                0x0000000008004d80       0x88 build_arm_cortex_m3_base_application_stm32l/flash.o
                0x0000000008004d80                flash_write
 .text.flash_erase_sector
                0x0000000008004e08       0x48 build_arm_cortex_m3_base_application_stm32l/flash.o
                0x0000000008004e08                flash_erase_sector
 .text.flash_erase_block_64k
                0x0000000008004e50       0x48 build_arm_cortex_m3_base_application_stm32l/flash.o
                0x0000000008004e50                flash_erase_block_64k
 .text.flash_erase_full
                0x0000000008004e98       0x28 build_arm_cortex_m3_base_application_stm32l/flash.o
                0x0000000008004e98                flash_erase_full
 .text.led_init
                0x0000000008004ec0       0x20 build_arm_cortex_m3_base_application_stm32l/led.o
                0x0000000008004ec0                led_init
 .text.led_toggle
                0x0000000008004ee0       0x20 build_arm_cortex_m3_base_application_stm32l/led.o
                0x0000000008004ee0                led_toggle
 .text.applyMask
                0x0000000008004f00      0x15c build_arm_cortex_m3_base_application_stm32l/qrcode.o
 .text.setFunctionModule
                0x000000000800505c       0x4c build_arm_cortex_m3_base_application_stm32l/qrcode.o
 .text.drawFinderPattern
                0x00000000080050a8       0x90 build_arm_cortex_m3_base_application_stm32l/qrcode.o
 .text.drawFormatBits
                0x0000000008005138      0x120 build_arm_cortex_m3_base_application_stm32l/qrcode.o
 .text.qrcode_getBufferSize
                0x0000000008005258       0x10 build_arm_cortex_m3_base_application_stm32l/qrcode.o
                0x0000000008005258                qrcode_getBufferSize
 .text.qrcode_initBytes
                0x0000000008005268      0xe5c build_arm_cortex_m3_base_application_stm32l/qrcode.o
                0x0000000008005268                qrcode_initBytes
 .text.qrcode_initText
                0x00000000080060c4       0x30 build_arm_cortex_m3_base_application_stm32l/qrcode.o
                0x00000000080060c4                qrcode_initText
 .text.qrcode_getModule
                0x00000000080060f4       0x28 build_arm_cortex_m3_base_application_stm32l/qrcode.o
                0x00000000080060f4                qrcode_getModule
 .text.sys_dbg_fatal
                0x000000000800611c      0x22c build_arm_cortex_m3_base_application_stm32l/sys_dbg.o
                0x000000000800611c                sys_dbg_fatal
 .text.sys_dbg_func_stack_dump
                0x0000000008006348        0x4 build_arm_cortex_m3_base_application_stm32l/sys_dbg.o
                0x0000000008006348                sys_dbg_func_stack_dump
 .text.sys_dbg_cpu_dump
                0x000000000800634c        0x4 build_arm_cortex_m3_base_application_stm32l/sys_dbg.o
                0x000000000800634c                sys_dbg_cpu_dump
 .text.sys_dbg_stack_space_dump
                0x0000000008006350        0x8 build_arm_cortex_m3_base_application_stm32l/sys_dbg.o
                0x0000000008006350                sys_dbg_stack_space_dump
 .text.sys_boot_init
                0x0000000008006358       0x18 build_arm_cortex_m3_base_application_stm32l/sys_boot.o
                0x0000000008006358                sys_boot_init
 .text.sys_boot_get
                0x0000000008006370        0xc build_arm_cortex_m3_base_application_stm32l/sys_boot.o
                0x0000000008006370                sys_boot_get
 .text.sys_boot_set
                0x000000000800637c       0x34 build_arm_cortex_m3_base_application_stm32l/sys_boot.o
                0x000000000800637c                sys_boot_set
 .text.sys_svc_restart_app
                0x00000000080063b0        0x4 build_arm_cortex_m3_base_application_stm32l/sys_svc.o
                0x00000000080063b0                sys_svc_restart_app
 .text.hal_nrf_rw
                0x00000000080063b4        0x4 build_arm_cortex_m3_base_application_stm32l/hal_nrf_hw.o
                0x00000000080063b4                hal_nrf_rw
 .text.hal_nrf_read_rx_pl_w
                0x00000000080063b8       0x1c build_arm_cortex_m3_base_application_stm32l/hal_nrf_l01.o
                0x00000000080063b8                hal_nrf_read_rx_pl_w
 .text.hal_nrf_get_rx_data_source
                0x00000000080063d4       0x18 build_arm_cortex_m3_base_application_stm32l/hal_nrf_l01.o
                0x00000000080063d4                hal_nrf_get_rx_data_source
 .text.hal_nrf_rx_fifo_empty
                0x00000000080063ec       0x14 build_arm_cortex_m3_base_application_stm32l/hal_nrf_l01.o
                0x00000000080063ec                hal_nrf_rx_fifo_empty
 .text.hal_nrf_read_reg
                0x0000000008006400       0x20 build_arm_cortex_m3_base_application_stm32l/hal_nrf_l01.o
                0x0000000008006400                hal_nrf_read_reg
 .text.hal_nrf_write_reg
                0x0000000008006420       0x5c build_arm_cortex_m3_base_application_stm32l/hal_nrf_l01.o
                0x0000000008006420                hal_nrf_write_reg
 .text.hal_nrf_set_irq_mode
                0x000000000800647c       0x38 build_arm_cortex_m3_base_application_stm32l/hal_nrf_l01.o
                0x000000000800647c                hal_nrf_set_irq_mode
 .text.hal_nrf_get_clear_irq_flags
                0x00000000080064b4       0x10 build_arm_cortex_m3_base_application_stm32l/hal_nrf_l01.o
                0x00000000080064b4                hal_nrf_get_clear_irq_flags
 .text.hal_nrf_set_crc_mode
                0x00000000080064c4       0x20 build_arm_cortex_m3_base_application_stm32l/hal_nrf_l01.o
                0x00000000080064c4                hal_nrf_set_crc_mode
 .text.hal_nrf_open_pipe
                0x00000000080064e4       0x78 build_arm_cortex_m3_base_application_stm32l/hal_nrf_l01.o
                0x00000000080064e4                hal_nrf_open_pipe
 .text.hal_nrf_close_pipe
                0x000000000800655c       0x54 build_arm_cortex_m3_base_application_stm32l/hal_nrf_l01.o
                0x000000000800655c                hal_nrf_close_pipe
 .text.hal_nrf_set_auto_retr
                0x00000000080065b0       0x1c build_arm_cortex_m3_base_application_stm32l/hal_nrf_l01.o
                0x00000000080065b0                hal_nrf_set_auto_retr
 .text.hal_nrf_set_address_width
                0x00000000080065cc        0xc build_arm_cortex_m3_base_application_stm32l/hal_nrf_l01.o
                0x00000000080065cc                hal_nrf_set_address_width
 .text.hal_nrf_set_rx_pload_width
                0x00000000080065d8        0x8 build_arm_cortex_m3_base_application_stm32l/hal_nrf_l01.o
                0x00000000080065d8                hal_nrf_set_rx_pload_width
 .text.hal_nrf_set_operation_mode
                0x00000000080065e0       0x30 build_arm_cortex_m3_base_application_stm32l/hal_nrf_l01.o
                0x00000000080065e0                hal_nrf_set_operation_mode
 .text.hal_nrf_set_power_mode
                0x0000000008006610       0x30 build_arm_cortex_m3_base_application_stm32l/hal_nrf_l01.o
                0x0000000008006610                hal_nrf_set_power_mode
 .text.hal_nrf_set_rf_channel
                0x0000000008006640        0x8 build_arm_cortex_m3_base_application_stm32l/hal_nrf_l01.o
                0x0000000008006640                hal_nrf_set_rf_channel
 .text.hal_nrf_set_output_power
                0x0000000008006648       0x20 build_arm_cortex_m3_base_application_stm32l/hal_nrf_l01.o
                0x0000000008006648                hal_nrf_set_output_power
 .text.hal_nrf_set_datarate
                0x0000000008006668       0x30 build_arm_cortex_m3_base_application_stm32l/hal_nrf_l01.o
                0x0000000008006668                hal_nrf_set_datarate
 .text.hal_nrf_flush_rx
                0x0000000008006698        0x8 build_arm_cortex_m3_base_application_stm32l/hal_nrf_l01.o
                0x0000000008006698                hal_nrf_flush_rx
 .text.hal_nrf_flush_tx
                0x00000000080066a0        0x8 build_arm_cortex_m3_base_application_stm32l/hal_nrf_l01.o
                0x00000000080066a0                hal_nrf_flush_tx
 .text.hal_nrf_set_lna_gain
                0x00000000080066a8       0x30 build_arm_cortex_m3_base_application_stm32l/hal_nrf_l01.o
                0x00000000080066a8                hal_nrf_set_lna_gain
 .text.hal_nrf_read_multibyte_reg
                0x00000000080066d8       0x84 build_arm_cortex_m3_base_application_stm32l/hal_nrf_l01.o
                0x00000000080066d8                hal_nrf_read_multibyte_reg
 .text.hal_nrf_read_rx_pload
                0x000000000800675c        0x8 build_arm_cortex_m3_base_application_stm32l/hal_nrf_l01.o
                0x000000000800675c                hal_nrf_read_rx_pload
 .text.hal_nrf_write_multibyte_reg
                0x0000000008006764       0x5c build_arm_cortex_m3_base_application_stm32l/hal_nrf_l01.o
                0x0000000008006764                hal_nrf_write_multibyte_reg
 .text.hal_nrf_set_address
                0x00000000080067c0       0x2c build_arm_cortex_m3_base_application_stm32l/hal_nrf_l01.o
                0x00000000080067c0                hal_nrf_set_address
 .text.hal_nrf_write_tx_pload
                0x00000000080067ec        0xc build_arm_cortex_m3_base_application_stm32l/hal_nrf_l01.o
                0x00000000080067ec                hal_nrf_write_tx_pload
 .text.GPIO_Init
                0x00000000080067f8       0x84 build_arm_cortex_m3_base_application_stm32l/stm32l1xx_gpio.o
                0x00000000080067f8                GPIO_Init
 .text.GPIO_ReadInputDataBit
                0x000000000800687c        0xc build_arm_cortex_m3_base_application_stm32l/stm32l1xx_gpio.o
                0x000000000800687c                GPIO_ReadInputDataBit
 .text.GPIO_SetBits
                0x0000000008006888        0x4 build_arm_cortex_m3_base_application_stm32l/stm32l1xx_gpio.o
                0x0000000008006888                GPIO_SetBits
 .text.GPIO_ResetBits
                0x000000000800688c        0x4 build_arm_cortex_m3_base_application_stm32l/stm32l1xx_gpio.o
                0x000000000800688c                GPIO_ResetBits
 .text.GPIO_PinAFConfig
                0x0000000008006890       0x28 build_arm_cortex_m3_base_application_stm32l/stm32l1xx_gpio.o
                0x0000000008006890                GPIO_PinAFConfig
 .text.RCC_HSICmd
                0x00000000080068b8        0xc build_arm_cortex_m3_base_application_stm32l/stm32l1xx_rcc.o
                0x00000000080068b8                RCC_HSICmd
 .text.RCC_GetClocksFreq
                0x00000000080068c4       0xac build_arm_cortex_m3_base_application_stm32l/stm32l1xx_rcc.o
                0x00000000080068c4                RCC_GetClocksFreq
 .text.RCC_AHBPeriphClockCmd
                0x0000000008006970       0x18 build_arm_cortex_m3_base_application_stm32l/stm32l1xx_rcc.o
                0x0000000008006970                RCC_AHBPeriphClockCmd
 .text.RCC_APB2PeriphClockCmd
                0x0000000008006988       0x18 build_arm_cortex_m3_base_application_stm32l/stm32l1xx_rcc.o
                0x0000000008006988                RCC_APB2PeriphClockCmd
 .text.RCC_APB1PeriphClockCmd
                0x00000000080069a0       0x18 build_arm_cortex_m3_base_application_stm32l/stm32l1xx_rcc.o
                0x00000000080069a0                RCC_APB1PeriphClockCmd
 .text.RCC_APB2PeriphResetCmd
                0x00000000080069b8       0x18 build_arm_cortex_m3_base_application_stm32l/stm32l1xx_rcc.o
                0x00000000080069b8                RCC_APB2PeriphResetCmd
 .text.RCC_APB1PeriphResetCmd
                0x00000000080069d0       0x18 build_arm_cortex_m3_base_application_stm32l/stm32l1xx_rcc.o
                0x00000000080069d0                RCC_APB1PeriphResetCmd
 .text.RCC_GetFlagStatus
                0x00000000080069e8       0x20 build_arm_cortex_m3_base_application_stm32l/stm32l1xx_rcc.o
                0x00000000080069e8                RCC_GetFlagStatus
 .text.USART_Init
                0x0000000008006a08       0xb4 build_arm_cortex_m3_base_application_stm32l/stm32l1xx_usart.o
                0x0000000008006a08                USART_Init
 .text.USART_Cmd
                0x0000000008006abc       0x18 build_arm_cortex_m3_base_application_stm32l/stm32l1xx_usart.o
                0x0000000008006abc                USART_Cmd
 .text.USART_SendData
                0x0000000008006ad4        0x8 build_arm_cortex_m3_base_application_stm32l/stm32l1xx_usart.o
                0x0000000008006ad4                USART_SendData
 .text.USART_ReceiveData
                0x0000000008006adc        0x8 build_arm_cortex_m3_base_application_stm32l/stm32l1xx_usart.o
                0x0000000008006adc                USART_ReceiveData
 .text.USART_ITConfig
                0x0000000008006ae4       0x38 build_arm_cortex_m3_base_application_stm32l/stm32l1xx_usart.o
                0x0000000008006ae4                USART_ITConfig
 .text.USART_GetFlagStatus
                0x0000000008006b1c        0xc build_arm_cortex_m3_base_application_stm32l/stm32l1xx_usart.o
                0x0000000008006b1c                USART_GetFlagStatus
 .text.USART_GetITStatus
                0x0000000008006b28       0x44 build_arm_cortex_m3_base_application_stm32l/stm32l1xx_usart.o
                0x0000000008006b28                USART_GetITStatus
 .text.USART_ClearITPendingBit
                0x0000000008006b6c       0x10 build_arm_cortex_m3_base_application_stm32l/stm32l1xx_usart.o
                0x0000000008006b6c                USART_ClearITPendingBit
 .text.SPI_I2S_DeInit
                0x0000000008006b7c       0x6c build_arm_cortex_m3_base_application_stm32l/stm32l1xx_spi.o
                0x0000000008006b7c                SPI_I2S_DeInit
 .text.SPI_Init
                0x0000000008006be8       0x40 build_arm_cortex_m3_base_application_stm32l/stm32l1xx_spi.o
                0x0000000008006be8                SPI_Init
 .text.SPI_Cmd  0x0000000008006c28       0x18 build_arm_cortex_m3_base_application_stm32l/stm32l1xx_spi.o
                0x0000000008006c28                SPI_Cmd
 .text.SPI_I2S_ReceiveData
                0x0000000008006c40        0x4 build_arm_cortex_m3_base_application_stm32l/stm32l1xx_spi.o
                0x0000000008006c40                SPI_I2S_ReceiveData
 .text.SPI_I2S_SendData
                0x0000000008006c44        0x4 build_arm_cortex_m3_base_application_stm32l/stm32l1xx_spi.o
                0x0000000008006c44                SPI_I2S_SendData
 .text.SPI_I2S_GetFlagStatus
                0x0000000008006c48        0xc build_arm_cortex_m3_base_application_stm32l/stm32l1xx_spi.o
                0x0000000008006c48                SPI_I2S_GetFlagStatus
 .text.NVIC_PriorityGroupConfig
                0x0000000008006c54       0x14 build_arm_cortex_m3_base_application_stm32l/misc.o
                0x0000000008006c54                NVIC_PriorityGroupConfig
 .text.NVIC_Init
                0x0000000008006c68       0x5c build_arm_cortex_m3_base_application_stm32l/misc.o
                0x0000000008006c68                NVIC_Init
 .text.EXTI_Init
                0x0000000008006cc4       0x7c build_arm_cortex_m3_base_application_stm32l/stm32l1xx_exti.o
                0x0000000008006cc4                EXTI_Init
 .text.EXTI_GetFlagStatus
                0x0000000008006d40       0x14 build_arm_cortex_m3_base_application_stm32l/stm32l1xx_exti.o
                0x0000000008006d40                EXTI_GetFlagStatus
 .text.EXTI_GetITStatus
                0x0000000008006d54        0x4 build_arm_cortex_m3_base_application_stm32l/stm32l1xx_exti.o
                0x0000000008006d54                EXTI_GetITStatus
 .text.EXTI_ClearITPendingBit
                0x0000000008006d58        0xc build_arm_cortex_m3_base_application_stm32l/stm32l1xx_exti.o
                0x0000000008006d58                EXTI_ClearITPendingBit
 .text.SYSCFG_EXTILineConfig
                0x0000000008006d64       0x30 build_arm_cortex_m3_base_application_stm32l/stm32l1xx_syscfg.o
                0x0000000008006d64                SYSCFG_EXTILineConfig
 .text.TIM_TimeBaseInit
                0x0000000008006d94       0x5c build_arm_cortex_m3_base_application_stm32l/stm32l1xx_tim.o
                0x0000000008006d94                TIM_TimeBaseInit
 .text.TIM_Cmd  0x0000000008006df0       0x18 build_arm_cortex_m3_base_application_stm32l/stm32l1xx_tim.o
                0x0000000008006df0                TIM_Cmd
 .text.TIM_ITConfig
                0x0000000008006e08       0x14 build_arm_cortex_m3_base_application_stm32l/stm32l1xx_tim.o
                0x0000000008006e08                TIM_ITConfig
 .text.TIM_GetITStatus
                0x0000000008006e1c       0x18 build_arm_cortex_m3_base_application_stm32l/stm32l1xx_tim.o
                0x0000000008006e1c                TIM_GetITStatus
 .text.TIM_ClearITPendingBit
                0x0000000008006e34        0x8 build_arm_cortex_m3_base_application_stm32l/stm32l1xx_tim.o
                0x0000000008006e34                TIM_ClearITPendingBit
 .text.ADC_Init
                0x0000000008006e3c       0x4c build_arm_cortex_m3_base_application_stm32l/stm32l1xx_adc.o
                0x0000000008006e3c                ADC_Init
 .text.ADC_Cmd  0x0000000008006e88       0x14 build_arm_cortex_m3_base_application_stm32l/stm32l1xx_adc.o
                0x0000000008006e88                ADC_Cmd
 .text.ADC_TempSensorVrefintCmd
                0x0000000008006e9c       0x1c build_arm_cortex_m3_base_application_stm32l/stm32l1xx_adc.o
                0x0000000008006e9c                ADC_TempSensorVrefintCmd
 .text.ADC_RegularChannelConfig
                0x0000000008006eb8      0x108 build_arm_cortex_m3_base_application_stm32l/stm32l1xx_adc.o
                0x0000000008006eb8                ADC_RegularChannelConfig
 .text.ADC_SoftwareStartConv
                0x0000000008006fc0        0xc build_arm_cortex_m3_base_application_stm32l/stm32l1xx_adc.o
                0x0000000008006fc0                ADC_SoftwareStartConv
 .text.ADC_GetConversionValue
                0x0000000008006fcc        0x8 build_arm_cortex_m3_base_application_stm32l/stm32l1xx_adc.o
                0x0000000008006fcc                ADC_GetConversionValue
 .text.ADC_GetFlagStatus
                0x0000000008006fd4        0xc build_arm_cortex_m3_base_application_stm32l/stm32l1xx_adc.o
                0x0000000008006fd4                ADC_GetFlagStatus
 .text.PWR_UltraLowPowerCmd
                0x0000000008006fe0        0xc build_arm_cortex_m3_base_application_stm32l/stm32l1xx_pwr.o
                0x0000000008006fe0                PWR_UltraLowPowerCmd
 .text.PWR_EnterSleepMode
                0x0000000008006fec       0x38 build_arm_cortex_m3_base_application_stm32l/stm32l1xx_pwr.o
                0x0000000008006fec                PWR_EnterSleepMode
 .text.PWR_EnterSTOPMode
                0x0000000008007024       0x3c build_arm_cortex_m3_base_application_stm32l/stm32l1xx_pwr.o
                0x0000000008007024                PWR_EnterSTOPMode
 .text.FLASH_Unlock
                0x0000000008007060       0x38 build_arm_cortex_m3_base_application_stm32l/stm32l1xx_flash.o
                0x0000000008007060                FLASH_Unlock
 .text.FLASH_Lock
                0x0000000008007098       0x10 build_arm_cortex_m3_base_application_stm32l/stm32l1xx_flash.o
                0x0000000008007098                FLASH_Lock
 .text.DATA_EEPROM_Unlock
                0x00000000080070a8       0x20 build_arm_cortex_m3_base_application_stm32l/stm32l1xx_flash.o
                0x00000000080070a8                DATA_EEPROM_Unlock
 .text.DATA_EEPROM_Lock
                0x00000000080070c8       0x10 build_arm_cortex_m3_base_application_stm32l/stm32l1xx_flash.o
                0x00000000080070c8                DATA_EEPROM_Lock
 .text.FLASH_OB_Unlock
                0x00000000080070d8       0x38 build_arm_cortex_m3_base_application_stm32l/stm32l1xx_flash.o
                0x00000000080070d8                FLASH_OB_Unlock
 .text.FLASH_OB_Launch
                0x0000000008007110       0x10 build_arm_cortex_m3_base_application_stm32l/stm32l1xx_flash.o
                0x0000000008007110                FLASH_OB_Launch
 .text.FLASH_OB_GetBOR
                0x0000000008007120       0x10 build_arm_cortex_m3_base_application_stm32l/stm32l1xx_flash.o
                0x0000000008007120                FLASH_OB_GetBOR
 .text.FLASH_ClearFlag
                0x0000000008007130        0xc build_arm_cortex_m3_base_application_stm32l/stm32l1xx_flash.o
                0x0000000008007130                FLASH_ClearFlag
 .text.FLASH_GetStatus
                0x000000000800713c       0x28 build_arm_cortex_m3_base_application_stm32l/stm32l1xx_flash.o
                0x000000000800713c                FLASH_GetStatus
 .text.FLASH_WaitForLastOperation
                0x0000000008007164       0x48 build_arm_cortex_m3_base_application_stm32l/stm32l1xx_flash.o
                0x0000000008007164                FLASH_WaitForLastOperation
 .text.FLASH_ErasePage
                0x00000000080071ac       0x48 build_arm_cortex_m3_base_application_stm32l/stm32l1xx_flash.o
                0x00000000080071ac                FLASH_ErasePage
 .text.FLASH_FastProgramWord
                0x00000000080071f4       0x24 build_arm_cortex_m3_base_application_stm32l/stm32l1xx_flash.o
                0x00000000080071f4                FLASH_FastProgramWord
 .text.DATA_EEPROM_FastProgramWord
                0x0000000008007218       0x30 build_arm_cortex_m3_base_application_stm32l/stm32l1xx_flash.o
                0x0000000008007218                DATA_EEPROM_FastProgramWord
 .text.DATA_EEPROM_ProgramByte
                0x0000000008007248       0x54 build_arm_cortex_m3_base_application_stm32l/stm32l1xx_flash.o
                0x0000000008007248                DATA_EEPROM_ProgramByte
 .text.FLASH_OB_BORConfig
                0x000000000800729c       0x3c build_arm_cortex_m3_base_application_stm32l/stm32l1xx_flash.o
                0x000000000800729c                FLASH_OB_BORConfig
 .text.IWDG_WriteAccessCmd
                0x00000000080072d8        0xc build_arm_cortex_m3_base_application_stm32l/stm32l1xx_iwdg.o
                0x00000000080072d8                IWDG_WriteAccessCmd
 .text.IWDG_SetPrescaler
                0x00000000080072e4        0xc build_arm_cortex_m3_base_application_stm32l/stm32l1xx_iwdg.o
                0x00000000080072e4                IWDG_SetPrescaler
 .text.IWDG_SetReload
                0x00000000080072f0        0xc build_arm_cortex_m3_base_application_stm32l/stm32l1xx_iwdg.o
                0x00000000080072f0                IWDG_SetReload
 .text.IWDG_ReloadCounter
                0x00000000080072fc       0x10 build_arm_cortex_m3_base_application_stm32l/stm32l1xx_iwdg.o
                0x00000000080072fc                IWDG_ReloadCounter
 .text.IWDG_Enable
                0x000000000800730c       0x10 build_arm_cortex_m3_base_application_stm32l/stm32l1xx_iwdg.o
                0x000000000800730c                IWDG_Enable
 .text.DAC_Init
                0x000000000800731c       0x2c build_arm_cortex_m3_base_application_stm32l/stm32l1xx_dac.o
                0x000000000800731c                DAC_Init
 .text.DAC_Cmd  0x0000000008007348       0x20 build_arm_cortex_m3_base_application_stm32l/stm32l1xx_dac.o
                0x0000000008007348                DAC_Cmd
 .text.DAC_SetChannel2Data
                0x0000000008007368       0x20 build_arm_cortex_m3_base_application_stm32l/stm32l1xx_dac.o
                0x0000000008007368                DAC_SetChannel2Data
 .text.I2C_SendData
                0x0000000008007388        0x4 build_arm_cortex_m3_base_application_stm32l/stm32l1xx_i2c.o
                0x0000000008007388                I2C_SendData
 .text.I2C_CheckEvent
                0x000000000800738c       0x18 build_arm_cortex_m3_base_application_stm32l/stm32l1xx_i2c.o
                0x000000000800738c                I2C_CheckEvent
 .text.disable_interrupts
                0x00000000080073a4       0x10 build_arm_cortex_m3_base_application_stm32l/platform.o
                0x00000000080073a4                disable_interrupts
 .text.entry_critical
                0x00000000080073b4       0x14 build_arm_cortex_m3_base_application_stm32l/platform.o
                0x00000000080073b4                entry_critical
 .text.exit_critical
                0x00000000080073c8       0x34 build_arm_cortex_m3_base_application_stm32l/platform.o
                0x00000000080073c8                exit_critical
 .text.svc_handler
                0x00000000080073fc       0x14 build_arm_cortex_m3_base_application_stm32l/system.o
                0x00000000080073fc                svc_handler
 .text.pendsv_handler
                0x0000000008007410       0x44 build_arm_cortex_m3_base_application_stm32l/system.o
                0x0000000008007410                pendsv_handler
 .text.default_handler
                0x0000000008007454       0x1c build_arm_cortex_m3_base_application_stm32l/system.o
                0x0000000008007454                default_handler
                0x0000000008007454                dg_monitor_handler
 .text.nmi_handler
                0x0000000008007470       0x1c build_arm_cortex_m3_base_application_stm32l/system.o
                0x0000000008007470                nmi_handler
 .text.hard_fault_handler
                0x000000000800748c       0x1c build_arm_cortex_m3_base_application_stm32l/system.o
                0x000000000800748c                hard_fault_handler
 .text.mem_manage_handler
                0x00000000080074a8       0x1c build_arm_cortex_m3_base_application_stm32l/system.o
                0x00000000080074a8                mem_manage_handler
 .text.bus_fault_handler
                0x00000000080074c4       0x1c build_arm_cortex_m3_base_application_stm32l/system.o
                0x00000000080074c4                bus_fault_handler
 .text.usage_fault_handler
                0x00000000080074e0       0x1c build_arm_cortex_m3_base_application_stm32l/system.o
                0x00000000080074e0                usage_fault_handler
 .text.systick_handler
                0x00000000080074fc       0x48 build_arm_cortex_m3_base_application_stm32l/system.o
                0x00000000080074fc                systick_handler
 .text.usb_lp_irq
                0x0000000008007544       0x10 build_arm_cortex_m3_base_application_stm32l/system.o
                0x0000000008007544                usb_lp_irq
 .text.shell_handler
                0x0000000008007554       0x84 build_arm_cortex_m3_base_application_stm32l/system.o
                0x0000000008007554                shell_handler
 .text.exti_line1_irq
                0x00000000080075d8       0x28 build_arm_cortex_m3_base_application_stm32l/system.o
                0x00000000080075d8                exti_line1_irq
 .text.timer7_irq
                0x0000000008007600       0x24 build_arm_cortex_m3_base_application_stm32l/system.o
                0x0000000008007600                timer7_irq
 .text.sys_ctrl_delay
                0x0000000008007624        0xc build_arm_cortex_m3_base_application_stm32l/system.o
                0x0000000008007624                sys_ctrl_delay
 .text.reset_handler
                0x0000000008007630       0xf8 build_arm_cortex_m3_base_application_stm32l/system.o
                0x0000000008007630                reset_handler
 .text.sys_ctrl_millis
                0x0000000008007728       0x20 build_arm_cortex_m3_base_application_stm32l/system.o
                0x0000000008007728                sys_ctrl_millis
 .text._init    0x0000000008007748        0x4 build_arm_cortex_m3_base_application_stm32l/system.o
                0x0000000008007748                _init
 .text.svc_exe  0x000000000800774c       0x20 build_arm_cortex_m3_base_application_stm32l/system.o
                0x000000000800774c                svc_exe
 .text.sys_ctrl_shell_put_char_block
                0x000000000800776c       0x2c build_arm_cortex_m3_base_application_stm32l/sys_cfg.o
                0x000000000800776c                sys_ctrl_shell_put_char_block
 .text.sys_ctrl_shell_put_char
                0x0000000008007798       0x38 build_arm_cortex_m3_base_application_stm32l/sys_cfg.o
                0x0000000008007798                sys_ctrl_shell_put_char
 .text.sys_cfg_clock
                0x00000000080077d0       0x24 build_arm_cortex_m3_base_application_stm32l/sys_cfg.o
                0x00000000080077d0                sys_cfg_clock
 .text.sys_cfg_tick
                0x00000000080077f4       0x4c build_arm_cortex_m3_base_application_stm32l/sys_cfg.o
                0x00000000080077f4                sys_cfg_tick
 .text.sys_cfg_console
                0x0000000008007840      0x108 build_arm_cortex_m3_base_application_stm32l/sys_cfg.o
                0x0000000008007840                sys_cfg_console
 .text.sys_cfg_svc
                0x0000000008007948       0x24 build_arm_cortex_m3_base_application_stm32l/sys_cfg.o
                0x0000000008007948                sys_cfg_svc
 .text.sys_cfg_pendsv
                0x000000000800796c       0x24 build_arm_cortex_m3_base_application_stm32l/sys_cfg.o
                0x000000000800796c                sys_cfg_pendsv
 .text.sys_cfg_update_info
                0x0000000008007990       0xc8 build_arm_cortex_m3_base_application_stm32l/sys_cfg.o
                0x0000000008007990                sys_cfg_update_info
 .text.sys_ctrl_shell_sw_to_block
                0x0000000008007a58       0x54 build_arm_cortex_m3_base_application_stm32l/sys_cfg.o
                0x0000000008007a58                sys_ctrl_shell_sw_to_block
 .text.sys_ctrl_shell_sw_to_nonblock
                0x0000000008007aac       0x2c build_arm_cortex_m3_base_application_stm32l/sys_cfg.o
                0x0000000008007aac                sys_ctrl_shell_sw_to_nonblock
 .text.sys_ctrl_shell_get_char
                0x0000000008007ad8       0x40 build_arm_cortex_m3_base_application_stm32l/sys_cfg.o
                0x0000000008007ad8                sys_ctrl_shell_get_char
 .text.sys_ctrl_reset
                0x0000000008007b18       0x20 build_arm_cortex_m3_base_application_stm32l/sys_cfg.o
                0x0000000008007b18                sys_ctrl_reset
 .text.sys_ctrl_delay_us
                0x0000000008007b38       0x28 build_arm_cortex_m3_base_application_stm32l/sys_cfg.o
                0x0000000008007b38                sys_ctrl_delay_us
 .text.sys_ctrl_delay_ms
                0x0000000008007b60       0x38 build_arm_cortex_m3_base_application_stm32l/sys_cfg.o
                0x0000000008007b60                sys_ctrl_delay_ms
 .text.sys_ctr_sleep_wait_for_irq
                0x0000000008007b98        0x8 build_arm_cortex_m3_base_application_stm32l/sys_cfg.o
                0x0000000008007b98                sys_ctr_sleep_wait_for_irq
 .text.sys_ctr_stop_mcu
                0x0000000008007ba0       0xac build_arm_cortex_m3_base_application_stm32l/sys_cfg.o
                0x0000000008007ba0                sys_ctr_stop_mcu
 .text.sys_ctr_get_exception_number
                0x0000000008007c4c       0x10 build_arm_cortex_m3_base_application_stm32l/sys_cfg.o
                0x0000000008007c4c                sys_ctr_get_exception_number
 .text.sys_ctr_restart_app
                0x0000000008007c5c       0x10 build_arm_cortex_m3_base_application_stm32l/sys_cfg.o
                0x0000000008007c5c                sys_ctr_restart_app
 .text.sys_cfg_restore_app
                0x0000000008007c6c       0x3c build_arm_cortex_m3_base_application_stm32l/sys_cfg.o
                0x0000000008007c6c                sys_cfg_restore_app
 .text.sys_ctrl_independent_watchdog_init
                0x0000000008007ca8       0x24 build_arm_cortex_m3_base_application_stm32l/sys_cfg.o
                0x0000000008007ca8                sys_ctrl_independent_watchdog_init
 .text.sys_ctrl_independent_watchdog_reset
                0x0000000008007ccc       0x14 build_arm_cortex_m3_base_application_stm32l/sys_cfg.o
                0x0000000008007ccc                sys_ctrl_independent_watchdog_reset
 .text.sys_ctrl_soft_watchdog_init
                0x0000000008007ce0       0x5c build_arm_cortex_m3_base_application_stm32l/sys_cfg.o
                0x0000000008007ce0                sys_ctrl_soft_watchdog_init
 .text.sys_ctrl_soft_watchdog_reset
                0x0000000008007d3c       0x18 build_arm_cortex_m3_base_application_stm32l/sys_cfg.o
                0x0000000008007d3c                sys_ctrl_soft_watchdog_reset
 .text.sys_ctrl_soft_watchdog_increase_counter
                0x0000000008007d54       0x88 build_arm_cortex_m3_base_application_stm32l/sys_cfg.o
                0x0000000008007d54                sys_ctrl_soft_watchdog_increase_counter
 .text.sys_ctrl_get_firmware_info
                0x0000000008007ddc       0x48 build_arm_cortex_m3_base_application_stm32l/sys_cfg.o
                0x0000000008007ddc                sys_ctrl_get_firmware_info
 .text.task_irq_io_entry_trigger
                0x0000000008007e24        0x4 build_arm_cortex_m3_base_application_stm32l/sys_cfg.o
                0x0000000008007e24                task_irq_io_entry_trigger
 .text.task_irq_io_exit_trigger
                0x0000000008007e28        0x4 build_arm_cortex_m3_base_application_stm32l/sys_cfg.o
                0x0000000008007e28                task_irq_io_exit_trigger
 .text.io_button_mode_init
                0x0000000008007e2c       0x28 build_arm_cortex_m3_base_application_stm32l/io_cfg.o
                0x0000000008007e2c                io_button_mode_init
 .text.io_button_up_init
                0x0000000008007e54       0x28 build_arm_cortex_m3_base_application_stm32l/io_cfg.o
                0x0000000008007e54                io_button_up_init
 .text.io_button_down_init
                0x0000000008007e7c       0x2c build_arm_cortex_m3_base_application_stm32l/io_cfg.o
                0x0000000008007e7c                io_button_down_init
 .text.io_button_mode_read
                0x0000000008007ea8        0xc build_arm_cortex_m3_base_application_stm32l/io_cfg.o
                0x0000000008007ea8                io_button_mode_read
 .text.io_button_up_read
                0x0000000008007eb4        0xc build_arm_cortex_m3_base_application_stm32l/io_cfg.o
                0x0000000008007eb4                io_button_up_read
 .text.io_button_down_read
                0x0000000008007ec0       0x10 build_arm_cortex_m3_base_application_stm32l/io_cfg.o
                0x0000000008007ec0                io_button_down_read
 .text.led_life_init
                0x0000000008007ed0       0x2c build_arm_cortex_m3_base_application_stm32l/io_cfg.o
                0x0000000008007ed0                led_life_init
 .text.led_life_on
                0x0000000008007efc       0x10 build_arm_cortex_m3_base_application_stm32l/io_cfg.o
                0x0000000008007efc                led_life_on
 .text.led_life_off
                0x0000000008007f0c       0x10 build_arm_cortex_m3_base_application_stm32l/io_cfg.o
                0x0000000008007f0c                led_life_off
 .text.nrf24l01_io_ctrl_init
                0x0000000008007f1c       0x90 build_arm_cortex_m3_base_application_stm32l/io_cfg.o
                0x0000000008007f1c                nrf24l01_io_ctrl_init
 .text.nrf24l01_spi_ctrl_init
                0x0000000008007fac       0xa0 build_arm_cortex_m3_base_application_stm32l/io_cfg.o
                0x0000000008007fac                nrf24l01_spi_ctrl_init
 .text.nrf24l01_ce_low
                0x000000000800804c       0x10 build_arm_cortex_m3_base_application_stm32l/io_cfg.o
                0x000000000800804c                nrf24l01_ce_low
 .text.nrf24l01_ce_high
                0x000000000800805c       0x10 build_arm_cortex_m3_base_application_stm32l/io_cfg.o
                0x000000000800805c                nrf24l01_ce_high
 .text.nrf24l01_csn_low
                0x000000000800806c       0x10 build_arm_cortex_m3_base_application_stm32l/io_cfg.o
                0x000000000800806c                nrf24l01_csn_low
 .text.nrf24l01_csn_high
                0x000000000800807c       0x10 build_arm_cortex_m3_base_application_stm32l/io_cfg.o
                0x000000000800807c                nrf24l01_csn_high
 .text.flash_io_ctrl_init
                0x000000000800808c       0x2c build_arm_cortex_m3_base_application_stm32l/io_cfg.o
                0x000000000800808c                flash_io_ctrl_init
 .text.flash_cs_low
                0x00000000080080b8       0x10 build_arm_cortex_m3_base_application_stm32l/io_cfg.o
                0x00000000080080b8                flash_cs_low
 .text.flash_cs_high
                0x00000000080080c8       0x10 build_arm_cortex_m3_base_application_stm32l/io_cfg.o
                0x00000000080080c8                flash_cs_high
 .text.flash_transfer
                0x00000000080080d8       0xa0 build_arm_cortex_m3_base_application_stm32l/io_cfg.o
                0x00000000080080d8                flash_transfer
 .text.nrf24l01_spi_rw
                0x0000000008008178        0x4 build_arm_cortex_m3_base_application_stm32l/io_cfg.o
                0x0000000008008178                nrf24l01_spi_rw
 .text.sht1x_clk_input_mode
                0x000000000800817c       0x2c build_arm_cortex_m3_base_application_stm32l/io_cfg.o
                0x000000000800817c                sht1x_clk_input_mode
 .text.sht1x_clk_output_mode
                0x00000000080081a8       0x2c build_arm_cortex_m3_base_application_stm32l/io_cfg.o
                0x00000000080081a8                sht1x_clk_output_mode
 .text.sht1x_clk_digital_write_low
                0x00000000080081d4       0x10 build_arm_cortex_m3_base_application_stm32l/io_cfg.o
                0x00000000080081d4                sht1x_clk_digital_write_low
 .text.sht1x_clk_digital_write_high
                0x00000000080081e4       0x10 build_arm_cortex_m3_base_application_stm32l/io_cfg.o
                0x00000000080081e4                sht1x_clk_digital_write_high
 .text.sht1x_data_input_mode
                0x00000000080081f4       0x2c build_arm_cortex_m3_base_application_stm32l/io_cfg.o
                0x00000000080081f4                sht1x_data_input_mode
 .text.sht1x_data_output_mode
                0x0000000008008220       0x2c build_arm_cortex_m3_base_application_stm32l/io_cfg.o
                0x0000000008008220                sht1x_data_output_mode
 .text.sht1x_data_digital_write_low
                0x000000000800824c       0x10 build_arm_cortex_m3_base_application_stm32l/io_cfg.o
                0x000000000800824c                sht1x_data_digital_write_low
 .text.sht1x_data_digital_write_high
                0x000000000800825c       0x10 build_arm_cortex_m3_base_application_stm32l/io_cfg.o
                0x000000000800825c                sht1x_data_digital_write_high
 .text.ds1302_ce_input_mode
                0x000000000800826c       0x28 build_arm_cortex_m3_base_application_stm32l/io_cfg.o
                0x000000000800826c                ds1302_ce_input_mode
 .text.ds1302_ce_output_mode
                0x0000000008008294       0x2c build_arm_cortex_m3_base_application_stm32l/io_cfg.o
                0x0000000008008294                ds1302_ce_output_mode
 .text.ds1302_ce_digital_write_low
                0x00000000080082c0        0xc build_arm_cortex_m3_base_application_stm32l/io_cfg.o
                0x00000000080082c0                ds1302_ce_digital_write_low
 .text.ds1302_ce_digital_write_high
                0x00000000080082cc        0xc build_arm_cortex_m3_base_application_stm32l/io_cfg.o
                0x00000000080082cc                ds1302_ce_digital_write_high
 .text.ds1302_clk_input_mode
                0x00000000080082d8       0x28 build_arm_cortex_m3_base_application_stm32l/io_cfg.o
                0x00000000080082d8                ds1302_clk_input_mode
 .text.ds1302_clk_output_mode
                0x0000000008008300       0x2c build_arm_cortex_m3_base_application_stm32l/io_cfg.o
                0x0000000008008300                ds1302_clk_output_mode
 .text.ds1302_clk_digital_write_low
                0x000000000800832c       0x10 build_arm_cortex_m3_base_application_stm32l/io_cfg.o
                0x000000000800832c                ds1302_clk_digital_write_low
 .text.ds1302_clk_digital_write_high
                0x000000000800833c       0x10 build_arm_cortex_m3_base_application_stm32l/io_cfg.o
                0x000000000800833c                ds1302_clk_digital_write_high
 .text.ds1302_data_input_mode
                0x000000000800834c       0x28 build_arm_cortex_m3_base_application_stm32l/io_cfg.o
                0x000000000800834c                ds1302_data_input_mode
 .text.ds1302_data_output_mode
                0x0000000008008374       0x28 build_arm_cortex_m3_base_application_stm32l/io_cfg.o
                0x0000000008008374                ds1302_data_output_mode
 .text.ds1302_data_digital_write_low
                0x000000000800839c        0xc build_arm_cortex_m3_base_application_stm32l/io_cfg.o
                0x000000000800839c                ds1302_data_digital_write_low
 .text.ds1302_data_digital_write_high
                0x00000000080083a8        0xc build_arm_cortex_m3_base_application_stm32l/io_cfg.o
                0x00000000080083a8                ds1302_data_digital_write_high
 .text.io_cfg_dac_out2_config
                0x00000000080083b4       0x54 build_arm_cortex_m3_base_application_stm32l/io_cfg.o
                0x00000000080083b4                io_cfg_dac_out2_config
 .text.io_cfg_adc1
                0x0000000008008408       0x48 build_arm_cortex_m3_base_application_stm32l/io_cfg.o
                0x0000000008008408                io_cfg_adc1
 .text.adc_ct_io_cfg
                0x0000000008008450       0x2c build_arm_cortex_m3_base_application_stm32l/io_cfg.o
                0x0000000008008450                adc_ct_io_cfg
 .text.adc_thermistor_io_cfg
                0x000000000800847c       0x2c build_arm_cortex_m3_base_application_stm32l/io_cfg.o
                0x000000000800847c                adc_thermistor_io_cfg
 .text.sys_ctr_get_vbat_voltage
                0x00000000080084a8       0x88 build_arm_cortex_m3_base_application_stm32l/io_cfg.o
                0x00000000080084a8                sys_ctr_get_vbat_voltage
 .text.io_cfg_dac_out2_set
                0x0000000008008530       0x1c build_arm_cortex_m3_base_application_stm32l/io_cfg.o
                0x0000000008008530                io_cfg_dac_out2_set
 .text.ssd1306_clk_input_mode
                0x000000000800854c       0x2c build_arm_cortex_m3_base_application_stm32l/io_cfg.o
                0x000000000800854c                ssd1306_clk_input_mode
 .text.ssd1306_clk_output_mode
                0x0000000008008578       0x2c build_arm_cortex_m3_base_application_stm32l/io_cfg.o
                0x0000000008008578                ssd1306_clk_output_mode
 .text.ssd1306_clk_digital_write_low
                0x00000000080085a4       0x10 build_arm_cortex_m3_base_application_stm32l/io_cfg.o
                0x00000000080085a4                ssd1306_clk_digital_write_low
 .text.ssd1306_clk_digital_write_high
                0x00000000080085b4       0x10 build_arm_cortex_m3_base_application_stm32l/io_cfg.o
                0x00000000080085b4                ssd1306_clk_digital_write_high
 .text.ssd1306_data_input_mode
                0x00000000080085c4       0x2c build_arm_cortex_m3_base_application_stm32l/io_cfg.o
                0x00000000080085c4                ssd1306_data_input_mode
 .text.ssd1306_data_output_mode
                0x00000000080085f0       0x2c build_arm_cortex_m3_base_application_stm32l/io_cfg.o
                0x00000000080085f0                ssd1306_data_output_mode
 .text.ssd1306_data_digital_write_low
                0x000000000800861c       0x10 build_arm_cortex_m3_base_application_stm32l/io_cfg.o
                0x000000000800861c                ssd1306_data_digital_write_low
 .text.ssd1306_data_digital_write_high
                0x000000000800862c       0x10 build_arm_cortex_m3_base_application_stm32l/io_cfg.o
                0x000000000800862c                ssd1306_data_digital_write_high
 .text.io_eeprom_read
                0x000000000800863c       0x34 build_arm_cortex_m3_base_application_stm32l/io_cfg.o
                0x000000000800863c                io_eeprom_read
 .text.io_eeprom_erase
                0x0000000008008670       0x58 build_arm_cortex_m3_base_application_stm32l/io_cfg.o
                0x0000000008008670                io_eeprom_erase
 .text.internal_flash_unlock
                0x00000000080086c8       0x14 build_arm_cortex_m3_base_application_stm32l/io_cfg.o
                0x00000000080086c8                internal_flash_unlock
 .text.internal_flash_lock
                0x00000000080086dc        0x4 build_arm_cortex_m3_base_application_stm32l/io_cfg.o
                0x00000000080086dc                internal_flash_lock
 .text.internal_flash_erase_pages_cal
                0x00000000080086e0       0x2c build_arm_cortex_m3_base_application_stm32l/io_cfg.o
                0x00000000080086e0                internal_flash_erase_pages_cal
 .text.internal_flash_write_cal
                0x000000000800870c       0x64 build_arm_cortex_m3_base_application_stm32l/io_cfg.o
                0x000000000800870c                internal_flash_write_cal
 .text.SystemInit
                0x0000000008008770      0x11c build_arm_cortex_m3_base_application_stm32l/system_stm32l1xx.o
                0x0000000008008770                SystemInit
 .text.SystemCoreClockUpdate
                0x000000000800888c       0x8c build_arm_cortex_m3_base_application_stm32l/system_stm32l1xx.o
                0x000000000800888c                SystemCoreClockUpdate
 .text.main_app
                0x0000000008008918      0x174 build_arm_cortex_m3_base_application_stm32l/app.o
                0x0000000008008918                main_app
 .text.sys_irq_timer_10ms
                0x0000000008008a8c       0x24 build_arm_cortex_m3_base_application_stm32l/app.o
                0x0000000008008a8c                sys_irq_timer_10ms
 .text.sys_irq_usb_recv
                0x0000000008008ab0        0x4 build_arm_cortex_m3_base_application_stm32l/app.o
                0x0000000008008ab0                sys_irq_usb_recv
 .text._Z17btn_mode_callbackPv
                0x0000000008008ab4       0x28 build_arm_cortex_m3_base_application_stm32l/app_bsp.o
                0x0000000008008ab4                btn_mode_callback(void*)
 .text._Z15btn_up_callbackPv
                0x0000000008008adc       0x30 build_arm_cortex_m3_base_application_stm32l/app_bsp.o
                0x0000000008008adc                btn_up_callback(void*)
 .text._Z17btn_down_callbackPv
                0x0000000008008b0c       0x50 build_arm_cortex_m3_base_application_stm32l/app_bsp.o
                0x0000000008008b0c                btn_down_callback(void*)
 .text._ZL10shell_helpPh
                0x0000000008008b5c        0x4 build_arm_cortex_m3_base_application_stm32l/shell.o
 .text._ZL9shell_psvPh
                0x0000000008008b60       0x14 build_arm_cortex_m3_base_application_stm32l/shell.o
 .text._ZL9shell_svcPh
                0x0000000008008b74       0x14 build_arm_cortex_m3_base_application_stm32l/shell.o
 .text._ZL9shell_fwuPh
                0x0000000008008b88       0x34 build_arm_cortex_m3_base_application_stm32l/shell.o
 .text._ZL10str_parserPc
                0x0000000008008bbc       0x88 build_arm_cortex_m3_base_application_stm32l/shell.o
 .text._ZL11shell_flashPh
                0x0000000008008c44       0xf0 build_arm_cortex_m3_base_application_stm32l/shell.o
 .text._ZL11shell_fatalPh
                0x0000000008008d34      0x138 build_arm_cortex_m3_base_application_stm32l/shell.o
 .text._ZL9shell_ramPh
                0x0000000008008e6c      0x15c build_arm_cortex_m3_base_application_stm32l/shell.o
 .text._ZL12shell_rebootPh
                0x0000000008008fc8       0x10 build_arm_cortex_m3_base_application_stm32l/shell.o
 .text._ZL9shell_verPh
                0x0000000008008fd8       0x14 build_arm_cortex_m3_base_application_stm32l/shell.o
 .text._ZL11shell_resetPh
                0x0000000008008fec       0x10 build_arm_cortex_m3_base_application_stm32l/shell.o
 .text._ZL10shell_bootPh
                0x0000000008008ffc       0x68 build_arm_cortex_m3_base_application_stm32l/shell.o
 .text._ZL9shell_epsPh
                0x0000000008009064       0x7c build_arm_cortex_m3_base_application_stm32l/shell.o
 .text._ZL9shell_epiPh
                0x00000000080090e0        0x4 build_arm_cortex_m3_base_application_stm32l/shell.o
 .text._ZL9shell_sttPh
                0x00000000080090e4        0x4 build_arm_cortex_m3_base_application_stm32l/shell.o
 .text._ZL9shell_dbgPh
                0x00000000080090e8      0x260 build_arm_cortex_m3_base_application_stm32l/shell.o
 .text._ZL9shell_lcdPh
                0x0000000008009348       0xf4 build_arm_cortex_m3_base_application_stm32l/shell.o
 .text.sys_irq_shell
                0x000000000800943c       0xb8 build_arm_cortex_m3_base_application_stm32l/task_shell.o
                0x000000000800943c                sys_irq_shell
 .text._Z10task_shellP8ak_msg_t
                0x00000000080094f4       0x4c build_arm_cortex_m3_base_application_stm32l/task_shell.o
                0x00000000080094f4                task_shell(ak_msg_t*)
 .text._Z9task_lifeP8ak_msg_t
                0x0000000008009540       0x20 build_arm_cortex_m3_base_application_stm32l/task_life.o
                0x0000000008009540                task_life(ak_msg_t*)
 .text._Z7task_fwP8ak_msg_t
                0x0000000008009560      0x3e4 build_arm_cortex_m3_base_application_stm32l/task_fw.o
                0x0000000008009560                task_fw(ak_msg_t*)
 .text.startup._GLOBAL__sub_I_screenObj
                0x0000000008009944        0xc build_arm_cortex_m3_base_application_stm32l/tetris_ui.o
 .text.exit._GLOBAL__sub_D_screenObj
                0x0000000008009950        0xc build_arm_cortex_m3_base_application_stm32l/tetris_ui.o
 .text._Z9tetris_uiP8ak_msg_t
                0x000000000800995c      0xc88 build_arm_cortex_m3_base_application_stm32l/tetris_ui.o
                0x000000000800995c                tetris_ui(ak_msg_t*)
 .text._Z19tetris_game_controlP8ak_msg_t
                0x000000000800a5e4       0x38 build_arm_cortex_m3_base_application_stm32l/tetris_game_control.o
                0x000000000800a5e4                tetris_game_control(ak_msg_t*)
 .text._Z12tetris_levelP8ak_msg_t
                0x000000000800a61c       0x50 build_arm_cortex_m3_base_application_stm32l/tetris_game_levels.o
                0x000000000800a61c                tetris_level(ak_msg_t*)
 .text._Z7task_ifP8ak_msg_t
                0x000000000800a66c       0x9c build_arm_cortex_m3_base_application_stm32l/task_if.o
                0x000000000800a66c                task_if(ak_msg_t*)
 .text._Z12task_rf24_ifP8ak_msg_t
                0x000000000800a708       0x98 build_arm_cortex_m3_base_application_stm32l/task_rf24_if.o
                0x000000000800a708                task_rf24_if(ak_msg_t*)
 .text._Z12task_uart_ifP8ak_msg_t
                0x000000000800a7a0       0xa4 build_arm_cortex_m3_base_application_stm32l/task_uart_if.o
                0x000000000800a7a0                task_uart_if(ak_msg_t*)
 .text._Z8task_dbgP8ak_msg_t
                0x000000000800a844      0x154 build_arm_cortex_m3_base_application_stm32l/task_dbg.o
                0x000000000800a844                task_dbg(ak_msg_t*)
 .text._Z22view_render_display_onv
                0x000000000800a998        0xc build_arm_cortex_m3_base_application_stm32l/view_render.o
                0x000000000800a998                view_render_display_on()
 .text.startup._GLOBAL__sub_I_view_render
                0x000000000800a9a4        0xc build_arm_cortex_m3_base_application_stm32l/view_render.o
 .text.exit._GLOBAL__sub_D_view_render
                0x000000000800a9b0        0xc build_arm_cortex_m3_base_application_stm32l/view_render.o
 .text._ZN12Adafruit_GFX8drawLineEsssst
                0x000000000800a9bc       0xf0 build_arm_cortex_m3_base_application_stm32l/Adafruit_GFX.o
                0x000000000800a9bc                Adafruit_GFX::drawLine(short, short, short, short, unsigned short)
 .text._ZN12Adafruit_GFX8drawRectEsssst
                0x000000000800aaac       0x68 build_arm_cortex_m3_base_application_stm32l/Adafruit_GFX.o
                0x000000000800aaac                Adafruit_GFX::drawRect(short, short, short, short, unsigned short)
 .text._ZN12Adafruit_GFX13drawFastVLineEssst
                0x000000000800ab14       0x20 build_arm_cortex_m3_base_application_stm32l/Adafruit_GFX.o
                0x000000000800ab14                Adafruit_GFX::drawFastVLine(short, short, short, unsigned short)
 .text._ZN12Adafruit_GFX13drawFastHLineEssst
                0x000000000800ab34       0x1c build_arm_cortex_m3_base_application_stm32l/Adafruit_GFX.o
                0x000000000800ab34                Adafruit_GFX::drawFastHLine(short, short, short, unsigned short)
 .text._ZN12Adafruit_GFX8fillRectEsssst
                0x000000000800ab50       0x3c build_arm_cortex_m3_base_application_stm32l/Adafruit_GFX.o
                0x000000000800ab50                Adafruit_GFX::fillRect(short, short, short, short, unsigned short)
 .text._ZN12Adafruit_GFX10fillScreenEt
                0x000000000800ab8c       0x20 build_arm_cortex_m3_base_application_stm32l/Adafruit_GFX.o
                0x000000000800ab8c                Adafruit_GFX::fillScreen(unsigned short)
 .text._ZN12Adafruit_GFX13invertDisplayEb
                0x000000000800abac        0x4 build_arm_cortex_m3_base_application_stm32l/Adafruit_GFX.o
                0x000000000800abac                Adafruit_GFX::invertDisplay(bool)
 .text._ZN12Adafruit_GFXC2Ess
                0x000000000800abb0       0x28 build_arm_cortex_m3_base_application_stm32l/Adafruit_GFX.o
                0x000000000800abb0                Adafruit_GFX::Adafruit_GFX(short, short)
                0x000000000800abb0                Adafruit_GFX::Adafruit_GFX(short, short)
 .text._ZN12Adafruit_GFX8drawCharEsshtth
                0x000000000800abd8      0x10c build_arm_cortex_m3_base_application_stm32l/Adafruit_GFX.o
                0x000000000800abd8                Adafruit_GFX::drawChar(short, short, unsigned char, unsigned short, unsigned short, unsigned char)
 .text._ZN12Adafruit_GFX5writeEh
                0x000000000800ace4       0x78 build_arm_cortex_m3_base_application_stm32l/Adafruit_GFX.o
                0x000000000800ace4                Adafruit_GFX::write(unsigned char)
 .text._ZN12Adafruit_GFX9setCursorEss
                0x000000000800ad5c        0x8 build_arm_cortex_m3_base_application_stm32l/Adafruit_GFX.o
                0x000000000800ad5c                Adafruit_GFX::setCursor(short, short)
 .text._ZN12Adafruit_GFX11setTextSizeEh
                0x000000000800ad64        0xc build_arm_cortex_m3_base_application_stm32l/Adafruit_GFX.o
                0x000000000800ad64                Adafruit_GFX::setTextSize(unsigned char)
 .text._ZN12Adafruit_GFX12setTextColorEt
                0x000000000800ad70        0x8 build_arm_cortex_m3_base_application_stm32l/Adafruit_GFX.o
                0x000000000800ad70                Adafruit_GFX::setTextColor(unsigned short)
 .text._ZN12Adafruit_GFX5widthEv
                0x000000000800ad78        0x8 build_arm_cortex_m3_base_application_stm32l/Adafruit_GFX.o
                0x000000000800ad78                Adafruit_GFX::width()
 .text._ZN12Adafruit_GFX6heightEv
                0x000000000800ad80        0x8 build_arm_cortex_m3_base_application_stm32l/Adafruit_GFX.o
                0x000000000800ad80                Adafruit_GFX::height()
 .text._ZN19Adafruit_ssd1306syp9updateRowEii
                0x000000000800ad88       0x20 build_arm_cortex_m3_base_application_stm32l/Adafruit_ssd1306syp.o
                0x000000000800ad88                Adafruit_ssd1306syp::updateRow(int, int)
 .text._ZN19Adafruit_ssd1306syp9drawPixelEsst
                0x000000000800ada8       0x60 build_arm_cortex_m3_base_application_stm32l/Adafruit_ssd1306syp.o
                0x000000000800ada8                Adafruit_ssd1306syp::drawPixel(short, short, unsigned short)
 .text._ZN19Adafruit_ssd1306sypC2Ev
                0x000000000800ae08       0x24 build_arm_cortex_m3_base_application_stm32l/Adafruit_ssd1306syp.o
                0x000000000800ae08                Adafruit_ssd1306syp::Adafruit_ssd1306syp()
                0x000000000800ae08                Adafruit_ssd1306syp::Adafruit_ssd1306syp()
 .text._ZN19Adafruit_ssd1306sypD2Ev
                0x000000000800ae2c        0x4 build_arm_cortex_m3_base_application_stm32l/Adafruit_ssd1306syp.o
                0x000000000800ae2c                Adafruit_ssd1306syp::~Adafruit_ssd1306syp()
                0x000000000800ae2c                Adafruit_ssd1306syp::~Adafruit_ssd1306syp()
 .text._ZN19Adafruit_ssd1306syp5clearEb
                0x000000000800ae30       0x24 build_arm_cortex_m3_base_application_stm32l/Adafruit_ssd1306syp.o
                0x000000000800ae30                Adafruit_ssd1306syp::clear(bool)
 .text._ZN19Adafruit_ssd1306syp9writeByteEh
                0x000000000800ae54       0x54 build_arm_cortex_m3_base_application_stm32l/Adafruit_ssd1306syp.o
                0x000000000800ae54                Adafruit_ssd1306syp::writeByte(unsigned char)
 .text._ZN19Adafruit_ssd1306syp8startIICEv
                0x000000000800aea8       0x2c build_arm_cortex_m3_base_application_stm32l/Adafruit_ssd1306syp.o
                0x000000000800aea8                Adafruit_ssd1306syp::startIIC()
 .text._ZN19Adafruit_ssd1306syp7stopIICEv
                0x000000000800aed4       0x2c build_arm_cortex_m3_base_application_stm32l/Adafruit_ssd1306syp.o
                0x000000000800aed4                Adafruit_ssd1306syp::stopIIC()
 .text._ZN19Adafruit_ssd1306syp12writeCommandEh
                0x000000000800af00       0x2c build_arm_cortex_m3_base_application_stm32l/Adafruit_ssd1306syp.o
                0x000000000800af00                Adafruit_ssd1306syp::writeCommand(unsigned char)
 .text._ZN19Adafruit_ssd1306syp10initializeEv
                0x000000000800af2c      0x104 build_arm_cortex_m3_base_application_stm32l/Adafruit_ssd1306syp.o
                0x000000000800af2c                Adafruit_ssd1306syp::initialize()
 .text._ZN19Adafruit_ssd1306syp10display_onEv
                0x000000000800b030        0x8 build_arm_cortex_m3_base_application_stm32l/Adafruit_ssd1306syp.o
                0x000000000800b030                Adafruit_ssd1306syp::display_on()
 .text._ZN19Adafruit_ssd1306syp11display_offEv
                0x000000000800b038        0x8 build_arm_cortex_m3_base_application_stm32l/Adafruit_ssd1306syp.o
                0x000000000800b038                Adafruit_ssd1306syp::display_off()
 .text._ZN19Adafruit_ssd1306syp17startDataSequenceEv
                0x000000000800b040       0x1c build_arm_cortex_m3_base_application_stm32l/Adafruit_ssd1306syp.o
                0x000000000800b040                Adafruit_ssd1306syp::startDataSequence()
 .text._ZN19Adafruit_ssd1306syp6updateEv
                0x000000000800b05c       0x54 build_arm_cortex_m3_base_application_stm32l/Adafruit_ssd1306syp.o
                0x000000000800b05c                Adafruit_ssd1306syp::update()
 .text._ZN19Adafruit_ssd1306syp9updateRowEi
                0x000000000800b0b0       0x70 build_arm_cortex_m3_base_application_stm32l/Adafruit_ssd1306syp.o
                0x000000000800b0b0                Adafruit_ssd1306syp::updateRow(int)
 .text.eeprom_read
                0x000000000800b120        0x4 build_arm_cortex_m3_base_application_stm32l/eeprom.o
                0x000000000800b120                eeprom_read
 .text.eeprom_erase
                0x000000000800b124        0x4 build_arm_cortex_m3_base_application_stm32l/eeprom.o
                0x000000000800b124                eeprom_erase
 .text.startup._GLOBAL__sub_I__ZN9DhcpClass13beginWithDHCPEPhmm
                0x000000000800b128       0x1c build_arm_cortex_m3_base_application_stm32l/Dhcp.o
 .text.startup._GLOBAL__sub_I__ZN9DNSClient5beginERK9IPAddress
                0x000000000800b144       0x1c build_arm_cortex_m3_base_application_stm32l/Dns.o
 .text.startup._GLOBAL__sub_I__ZN14EthernetClient8_srcportE
                0x000000000800b160       0x1c build_arm_cortex_m3_base_application_stm32l/EthernetClient.o
 .text.startup._GLOBAL__sub_I__ZN13EthernetClass6_stateE
                0x000000000800b17c       0x28 build_arm_cortex_m3_base_application_stm32l/Ethernet.o
 .text.startup._GLOBAL__sub_I__ZN14EthernetServerC2Et
                0x000000000800b1a4       0x1c build_arm_cortex_m3_base_application_stm32l/EthernetServer.o
 .text.startup._GLOBAL__sub_I__ZN11EthernetUDPC2Ev
                0x000000000800b1c0       0x1c build_arm_cortex_m3_base_application_stm32l/EthernetUdp.o
 .text._Z16nrf_nwk_pdu_initv
                0x000000000800b1dc       0x3c build_arm_cortex_m3_base_application_stm32l/nrf_data.o
                0x000000000800b1dc                nrf_nwk_pdu_init()
 .text._Z18nrf_nwk_pdu_mallocv
                0x000000000800b218       0x40 build_arm_cortex_m3_base_application_stm32l/nrf_data.o
                0x000000000800b218                nrf_nwk_pdu_malloc()
 .text._Z16nrf_nwk_pdu_freeP13nrf_nwk_pdu_t
                0x000000000800b258       0x20 build_arm_cortex_m3_base_application_stm32l/nrf_data.o
                0x000000000800b258                nrf_nwk_pdu_free(nrf_nwk_pdu_t*)
 .text._Z15nrf_nwk_pdu_getm
                0x000000000800b278       0x10 build_arm_cortex_m3_base_application_stm32l/nrf_data.o
                0x000000000800b278                nrf_nwk_pdu_get(unsigned long)
 .text._Z16nrf_nwk_pdu_freem
                0x000000000800b288       0x50 build_arm_cortex_m3_base_application_stm32l/nrf_data.o
                0x000000000800b288                nrf_nwk_pdu_free(unsigned long)
 .text._Z23nrf_set_static_nwk_addrt
                0x000000000800b2d8       0x10 build_arm_cortex_m3_base_application_stm32l/nrf_data.o
                0x000000000800b2d8                nrf_set_static_nwk_addr(unsigned short)
 .text._Z23nrf_get_static_nwk_addrv
                0x000000000800b2e8       0x1c build_arm_cortex_m3_base_application_stm32l/nrf_data.o
                0x000000000800b2e8                nrf_get_static_nwk_addr()
 .text._Z20nrf_set_des_nwk_addrt
                0x000000000800b304       0x10 build_arm_cortex_m3_base_application_stm32l/nrf_data.o
                0x000000000800b304                nrf_set_des_nwk_addr(unsigned short)
 .text._Z20nrf_get_des_nwk_addrv
                0x000000000800b314       0x1c build_arm_cortex_m3_base_application_stm32l/nrf_data.o
                0x000000000800b314                nrf_get_des_nwk_addr()
 .text._Z20nrf_get_des_phy_addrv
                0x000000000800b330        0x8 build_arm_cortex_m3_base_application_stm32l/nrf_data.o
                0x000000000800b330                nrf_get_des_phy_addr()
 .text._Z20nrf_get_src_phy_addrv
                0x000000000800b338        0x8 build_arm_cortex_m3_base_application_stm32l/nrf_data.o
                0x000000000800b338                nrf_get_src_phy_addr()
 .text._Z13task_rf24_macP8ak_msg_t
                0x000000000800b340      0x368 build_arm_cortex_m3_base_application_stm32l/nrf_mac.o
                0x000000000800b340                task_rf24_mac(ak_msg_t*)
 .text._Z16nrf_nwk_fsm_idleP8ak_msg_t
                0x000000000800b6a8      0x1b8 build_arm_cortex_m3_base_application_stm32l/nrf_nwk.o
                0x000000000800b6a8                nrf_nwk_fsm_idle(ak_msg_t*)
 .text._Z13task_rf24_nwkP8ak_msg_t
                0x000000000800b860        0xc build_arm_cortex_m3_base_application_stm32l/nrf_nwk.o
                0x000000000800b860                task_rf24_nwk(ak_msg_t*)
 .text._Z16nrf_nwk_fsm_initP8ak_msg_t
                0x000000000800b86c       0x30 build_arm_cortex_m3_base_application_stm32l/nrf_nwk.o
                0x000000000800b86c                nrf_nwk_fsm_init(ak_msg_t*)
 .text.sys_irq_nrf24l01
                0x000000000800b89c       0xa8 build_arm_cortex_m3_base_application_stm32l/nrf_phy.o
                0x000000000800b89c                sys_irq_nrf24l01
 .text._Z23nrf_phy_switch_ptx_modev
                0x000000000800b944       0x1c build_arm_cortex_m3_base_application_stm32l/nrf_phy.o
                0x000000000800b944                nrf_phy_switch_ptx_mode()
 .text._Z23nrf_phy_switch_prx_modev
                0x000000000800b960       0x28 build_arm_cortex_m3_base_application_stm32l/nrf_phy.o
                0x000000000800b960                nrf_phy_switch_prx_mode()
 .text._Z13task_rf24_phyP8ak_msg_t
                0x000000000800b988      0x150 build_arm_cortex_m3_base_application_stm32l/nrf_phy.o
                0x000000000800b988                task_rf24_phy(ak_msg_t*)
 .text._ZL19link_hal_write_byteh
                0x000000000800bad8        0x4 build_arm_cortex_m3_base_application_stm32l/link_hal.o
 .text._ZL17link_hal_rev_byteh
                0x000000000800badc        0x4 build_arm_cortex_m3_base_application_stm32l/link_hal.o
 .text._Z23link_hal_reg_write_bytePFhhE
                0x000000000800bae0       0x28 build_arm_cortex_m3_base_application_stm32l/link_hal.o
                0x000000000800bae0                link_hal_reg_write_byte(unsigned char (*)(unsigned char))
 .text._Z21link_hal_reg_rev_bytePFhhE
                0x000000000800bb08       0x28 build_arm_cortex_m3_base_application_stm32l/link_hal.o
                0x000000000800bb08                link_hal_reg_rev_byte(unsigned char (*)(unsigned char))
 .text._ZL21fsm_link_state_handleP8ak_msg_t
                0x000000000800bb30      0x28c build_arm_cortex_m3_base_application_stm32l/link.o
 .text._ZL19fsm_link_state_initP8ak_msg_t
                0x000000000800bdbc       0x2c build_arm_cortex_m3_base_application_stm32l/link.o
 .text._Z9task_linkP8ak_msg_t
                0x000000000800bde8        0xc build_arm_cortex_m3_base_application_stm32l/link.o
                0x000000000800bde8                task_link(ak_msg_t*)
 .text._Z23link_init_state_machinev
                0x000000000800bdf4       0x30 build_arm_cortex_m3_base_application_stm32l/link.o
                0x000000000800bdf4                link_init_state_machine()
 .text._ZL23link_mac_frame_send_reqv
                0x000000000800be24       0x4c build_arm_cortex_m3_base_application_stm32l/link_mac.o
 .text._ZL23link_mac_frame_send_endv
                0x000000000800be70       0x38 build_arm_cortex_m3_base_application_stm32l/link_mac.o
 .text._Z25fsm_link_mac_state_handleP8ak_msg_t
                0x000000000800bea8      0x3ec build_arm_cortex_m3_base_application_stm32l/link_mac.o
                0x000000000800bea8                fsm_link_mac_state_handle(ak_msg_t*)
 .text._Z13task_link_macP8ak_msg_t
                0x000000000800c294        0xc build_arm_cortex_m3_base_application_stm32l/link_mac.o
                0x000000000800c294                task_link_mac(ak_msg_t*)
 .text._Z23fsm_link_mac_state_initP8ak_msg_t
                0x000000000800c2a0       0x84 build_arm_cortex_m3_base_application_stm32l/link_mac.o
                0x000000000800c2a0                fsm_link_mac_state_init(ak_msg_t*)
 .text._ZL20link_phy_frame_writeP16link_phy_frame_t
                0x000000000800c324       0x38 build_arm_cortex_m3_base_application_stm32l/link_phy.o
 .text._ZL25link_phy_frame_write_byteh
                0x000000000800c35c        0xc build_arm_cortex_m3_base_application_stm32l/link_phy.o
 .text._ZL26ac_link_phy_frame_rev_byteh
                0x000000000800c368      0x190 build_arm_cortex_m3_base_application_stm32l/link_phy.o
 .text._ZL19link_phy_frame_sendv.part.0
                0x000000000800c4f8       0x20 build_arm_cortex_m3_base_application_stm32l/link_phy.o
 .text._Z25fsm_link_phy_state_handleP8ak_msg_t
                0x000000000800c518      0x248 build_arm_cortex_m3_base_application_stm32l/link_phy.o
                0x000000000800c518                fsm_link_phy_state_handle(ak_msg_t*)
 .text._Z13task_link_phyP8ak_msg_t
                0x000000000800c760        0xc build_arm_cortex_m3_base_application_stm32l/link_phy.o
                0x000000000800c760                task_link_phy(ak_msg_t*)
 .text._Z23fsm_link_phy_state_initP8ak_msg_t
                0x000000000800c76c       0x90 build_arm_cortex_m3_base_application_stm32l/link_phy.o
                0x000000000800c76c                fsm_link_phy_state_init(ak_msg_t*)
 .text._Z26link_phy_get_send_frame_tov
                0x000000000800c7fc       0x14 build_arm_cortex_m3_base_application_stm32l/link_phy.o
                0x000000000800c7fc                link_phy_get_send_frame_to()
 .text._Z13link_pdu_initv
                0x000000000800c810       0x58 build_arm_cortex_m3_base_application_stm32l/link_data.o
                0x000000000800c810                link_pdu_init()
 .text._Z15link_pdu_mallocv
                0x000000000800c868       0x3c build_arm_cortex_m3_base_application_stm32l/link_data.o
                0x000000000800c868                link_pdu_malloc()
 .text._Z12link_pdu_getm
                0x000000000800c8a4       0x48 build_arm_cortex_m3_base_application_stm32l/link_data.o
                0x000000000800c8a4                link_pdu_get(unsigned long)
 .text._Z13link_pdu_freem
                0x000000000800c8ec       0x54 build_arm_cortex_m3_base_application_stm32l/link_data.o
                0x000000000800c8ec                link_pdu_free(unsigned long)
 .text._Z17link_get_src_addrv
                0x000000000800c940       0x18 build_arm_cortex_m3_base_application_stm32l/link_data.o
                0x000000000800c940                link_get_src_addr()
 .text._Z17link_get_des_addrv
                0x000000000800c958       0x18 build_arm_cortex_m3_base_application_stm32l/link_data.o
                0x000000000800c958                link_get_des_addr()
 .text.startup._GLOBAL__sub_I__ZN12PubSubClientC2Ev
                0x000000000800c970       0x1c build_arm_cortex_m3_base_application_stm32l/PubSubClient.o
 .text._Z7pinModehh
                0x000000000800c98c       0xf0 build_arm_cortex_m3_base_application_stm32l/wiring_digital.o
                0x000000000800c98c                pinMode(unsigned char, unsigned char)
 .text._Z12digitalWritehh
                0x000000000800ca7c       0xdc build_arm_cortex_m3_base_application_stm32l/wiring_digital.o
                0x000000000800ca7c                digitalWrite(unsigned char, unsigned char)
 .text._ZN5Print5writeEPKhj
                0x000000000800cb58       0x28 build_arm_cortex_m3_base_application_stm32l/Print.o
                0x000000000800cb58                Print::write(unsigned char const*, unsigned int)
 .text._ZN5Print5printEPKc
                0x000000000800cb80       0x24 build_arm_cortex_m3_base_application_stm32l/Print.o
                0x000000000800cb80                Print::print(char const*)
 .text._ZN5Print5printEc
                0x000000000800cba4        0x8 build_arm_cortex_m3_base_application_stm32l/Print.o
                0x000000000800cba4                Print::print(char)
 .text._ZN5Print11printNumberEmh
                0x000000000800cbac       0x58 build_arm_cortex_m3_base_application_stm32l/Print.o
                0x000000000800cbac                Print::printNumber(unsigned long, unsigned char)
 .text._ZN5Print5printEmi
                0x000000000800cc04       0x14 build_arm_cortex_m3_base_application_stm32l/Print.o
                0x000000000800cc04                Print::print(unsigned long, int)
 .text._ZN5Print5printEhi
                0x000000000800cc18        0x4 build_arm_cortex_m3_base_application_stm32l/Print.o
                0x000000000800cc18                Print::print(unsigned char, int)
 .text._ZNK9IPAddress7printToER5Print
                0x000000000800cc1c       0x40 build_arm_cortex_m3_base_application_stm32l/IPAddress.o
                0x000000000800cc1c                IPAddress::printTo(Print&) const
 .text._ZN9IPAddressC2Ev
                0x000000000800cc5c       0x10 build_arm_cortex_m3_base_application_stm32l/IPAddress.o
                0x000000000800cc5c                IPAddress::IPAddress()
                0x000000000800cc5c                IPAddress::IPAddress()
 .text._ZN9IPAddressC2Ehhhh
                0x000000000800cc6c       0x1c build_arm_cortex_m3_base_application_stm32l/IPAddress.o
                0x000000000800cc6c                IPAddress::IPAddress(unsigned char, unsigned char, unsigned char, unsigned char)
                0x000000000800cc6c                IPAddress::IPAddress(unsigned char, unsigned char, unsigned char, unsigned char)
 .text._ZN8SPIClass9io_configEv
                0x000000000800cc88       0x6c build_arm_cortex_m3_base_application_stm32l/SPI.o
                0x000000000800cc88                SPIClass::io_config()
 .text._ZN8SPIClass5beginEv
                0x000000000800ccf4       0xf4 build_arm_cortex_m3_base_application_stm32l/SPI.o
                0x000000000800ccf4                SPIClass::begin()
 .text.startup._GLOBAL__sub_I__ZN8SPIClassC2Ev
                0x000000000800cde8       0x14 build_arm_cortex_m3_base_application_stm32l/SPI.o
 .text._ZN7TwoWire9availableEv
                0x000000000800cdfc       0x14 build_arm_cortex_m3_base_application_stm32l/Wire.o
                0x000000000800cdfc                TwoWire::available()
 .text._ZN7TwoWire4readEv
                0x000000000800ce10       0x28 build_arm_cortex_m3_base_application_stm32l/Wire.o
                0x000000000800ce10                TwoWire::read()
 .text._ZN7TwoWire4peekEv
                0x000000000800ce38       0x24 build_arm_cortex_m3_base_application_stm32l/Wire.o
                0x000000000800ce38                TwoWire::peek()
 .text._ZN7TwoWire5flushEv
                0x000000000800ce5c        0x4 build_arm_cortex_m3_base_application_stm32l/Wire.o
                0x000000000800ce5c                TwoWire::flush()
 .text._ZN7TwoWire5writeEh
                0x000000000800ce60       0x60 build_arm_cortex_m3_base_application_stm32l/Wire.o
                0x000000000800ce60                TwoWire::write(unsigned char)
 .text._ZN7TwoWire5writeEPKhj
                0x000000000800cec0       0x38 build_arm_cortex_m3_base_application_stm32l/Wire.o
                0x000000000800cec0                TwoWire::write(unsigned char const*, unsigned int)
 .text.startup._GLOBAL__sub_I__ZN7TwoWire8rxBufferE
                0x000000000800cef8       0x1c build_arm_cortex_m3_base_application_stm32l/Wire.o
 .text._Z12twi_transmitPKhh
                0x000000000800cf14       0x48 build_arm_cortex_m3_base_application_stm32l/twi.o
                0x000000000800cf14                twi_transmit(unsigned char const*, unsigned char)
 .text.__cxa_pure_virtual
                0x000000000800cf5c       0x1c build_arm_cortex_m3_base_application_stm32l/mini_cpp.o
                0x000000000800cf5c                __cxa_pure_virtual
 .text._sbrk    0x000000000800cf78       0x1c build_arm_cortex_m3_base_application_stm32l/mini_cpp.o
                0x000000000800cf78                _sbrk
 .text.malloc   0x000000000800cf94       0x10 /home/khoa/workspace/tools/gcc-arm-none-eabi-8-2018-q4-major/arm-none-eabi/lib/thumb/v7-m/nofp/libc.a(lib_a-malloc.o)
                0x000000000800cf94                malloc
 .text.free     0x000000000800cfa4       0x10 /home/khoa/workspace/tools/gcc-arm-none-eabi-8-2018-q4-major/arm-none-eabi/lib/thumb/v7-m/nofp/libc.a(lib_a-malloc.o)
                0x000000000800cfa4                free
 .text._malloc_r
                0x000000000800cfb4      0x558 /home/khoa/workspace/tools/gcc-arm-none-eabi-8-2018-q4-major/arm-none-eabi/lib/thumb/v7-m/nofp/libc.a(lib_a-mallocr.o)
                0x000000000800cfb4                _malloc_r
 .text.memcmp   0x000000000800d50c       0x64 /home/khoa/workspace/tools/gcc-arm-none-eabi-8-2018-q4-major/arm-none-eabi/lib/thumb/v7-m/nofp/libc.a(lib_a-memcmp.o)
                0x000000000800d50c                memcmp
 .text.memset   0x000000000800d570       0xa0 /home/khoa/workspace/tools/gcc-arm-none-eabi-8-2018-q4-major/arm-none-eabi/lib/thumb/v7-m/nofp/libc.a(lib_a-memset.o)
                0x000000000800d570                memset
 .text.__malloc_lock
                0x000000000800d610        0xc /home/khoa/workspace/tools/gcc-arm-none-eabi-8-2018-q4-major/arm-none-eabi/lib/thumb/v7-m/nofp/libc.a(lib_a-mlock.o)
                0x000000000800d610                __malloc_lock
 .text.__malloc_unlock
                0x000000000800d61c        0xc /home/khoa/workspace/tools/gcc-arm-none-eabi-8-2018-q4-major/arm-none-eabi/lib/thumb/v7-m/nofp/libc.a(lib_a-mlock.o)
                0x000000000800d61c                __malloc_unlock
 .text.rand     0x000000000800d628       0x3c /home/khoa/workspace/tools/gcc-arm-none-eabi-8-2018-q4-major/arm-none-eabi/lib/thumb/v7-m/nofp/libc.a(lib_a-rand.o)
                0x000000000800d628                rand
 .text._sbrk_r  0x000000000800d664       0x24 /home/khoa/workspace/tools/gcc-arm-none-eabi-8-2018-q4-major/arm-none-eabi/lib/thumb/v7-m/nofp/libc.a(lib_a-sbrkr.o)
                0x000000000800d664                _sbrk_r
 .text.strcpy   0x000000000800d688       0xbc /home/khoa/workspace/tools/gcc-arm-none-eabi-8-2018-q4-major/arm-none-eabi/lib/thumb/v7-m/nofp/libc.a(lib_a-strcpy.o)
                0x000000000800d688                strcpy
 .text.strlen   0x000000000800d744       0x5c /home/khoa/workspace/tools/gcc-arm-none-eabi-8-2018-q4-major/arm-none-eabi/lib/thumb/v7-m/nofp/libc.a(lib_a-strlen-stub.o)
                0x000000000800d744                strlen
 .text._strtol_l.isra.0
                0x000000000800d7a0      0x110 /home/khoa/workspace/tools/gcc-arm-none-eabi-8-2018-q4-major/arm-none-eabi/lib/thumb/v7-m/nofp/libc.a(lib_a-strtol.o)
 .text.strtol   0x000000000800d8b0       0x18 /home/khoa/workspace/tools/gcc-arm-none-eabi-8-2018-q4-major/arm-none-eabi/lib/thumb/v7-m/nofp/libc.a(lib_a-strtol.o)
                0x000000000800d8b0                strtol
 .text._malloc_trim_r
                0x000000000800d8c8       0xa0 /home/khoa/workspace/tools/gcc-arm-none-eabi-8-2018-q4-major/arm-none-eabi/lib/thumb/v7-m/nofp/libc.a(lib_a-freer.o)
                0x000000000800d8c8                _malloc_trim_r
 .text._free_r  0x000000000800d968      0x1ec /home/khoa/workspace/tools/gcc-arm-none-eabi-8-2018-q4-major/arm-none-eabi/lib/thumb/v7-m/nofp/libc.a(lib_a-freer.o)
                0x000000000800d968                _free_r
 .text.__retarget_lock_acquire_recursive
                0x000000000800db54        0x4 /home/khoa/workspace/tools/gcc-arm-none-eabi-8-2018-q4-major/arm-none-eabi/lib/thumb/v7-m/nofp/libc.a(lib_a-lock.o)
                0x000000000800db54                __retarget_lock_acquire_recursive
 .text.__retarget_lock_release_recursive
                0x000000000800db58        0x4 /home/khoa/workspace/tools/gcc-arm-none-eabi-8-2018-q4-major/arm-none-eabi/lib/thumb/v7-m/nofp/libc.a(lib_a-lock.o)
                0x000000000800db58                __retarget_lock_release_recursive
 *(.rodata)
 *(.rodata*)
 .rodata.task_create.str1.4
                0x000000000800db5c        0x3 build_arm_cortex_m3_base_application_stm32l/task.o
 *fill*         0x000000000800db5f        0x1 
 .rodata.timer_set.str1.4