message.c:37:6:msg_init	8	static
message.c:43:6:msg_free	8	static
message.c:72:6:msg_inc_ref_count	8	static
message.c:81:6:msg_dec_ref_count	8	static
message.c:100:7:ak_malloc	16	static
message.c:119:6:ak_free	0	static
message.c:146:10:get_pure_msg_pool_used	8	static
message.c:158:11:get_pure_msg	8	static
message.c:213:10:get_common_msg_pool_used	8	static
message.c:225:11:get_common_msg	8	static
message.c:259:9:set_data_common_msg	16	static
message.c:274:10:get_data_common_msg	8	static
message.c:283:9:get_data_len_common_msg	8	static
message.c:327:11:get_dynamic_msg	8	static
message.c:352:10:get_dynamic_msg_pool_used	8	static
message.c:364:9:set_data_dynamic_msg	16	static
message.c:376:10:get_data_dynamic_msg	8	static
message.c:384:10:get_data_len_dynamic_msg	0	static
message.c:391:6:msg_dbg_dum	40	static
