sys_cfg.c:223:6:sys_ctrl_shell_put_char_block	8	static
sys_cfg.c:213:6:sys_ctrl_shell_put_char	8	static
sys_cfg.c:44:6:sys_cfg_clock	8	static
sys_cfg.c:55:6:sys_cfg_tick	16	static
sys_cfg.c:75:6:sys_cfg_console	48	static
sys_cfg.c:131:6:sys_cfg_svc	16	static
sys_cfg.c:142:6:sys_cfg_pendsv	16	static
sys_cfg.c:153:6:sys_cfg_update_info	48	static
sys_cfg.c:234:6:sys_ctrl_shell_sw_to_block	16	static
sys_cfg.c:248:6:sys_ctrl_shell_sw_to_nonblock	8	static
sys_cfg.c:255:9:sys_ctrl_shell_get_char	16	static
sys_cfg.c:266:6:sys_ctrl_reset	0	static
sys_cfg.c:270:6:sys_ctrl_delay_us	16	static
sys_cfg.c:276:6:sys_ctrl_delay_ms	24	static
sys_cfg.c:300:6:sys_ctr_sleep_wait_for_irq	0	static
sys_cfg.c:304:6:sys_ctr_stop_mcu	16	static
sys_cfg.c:358:10:sys_ctr_get_exception_number	8	static
sys_cfg.c:363:6:sys_ctr_restart_app	0	static
sys_cfg.c:367:6:sys_cfg_restore_app	16	static
sys_cfg.c:388:6:sys_ctrl_independent_watchdog_init	8	static
sys_cfg.c:396:6:sys_ctrl_independent_watchdog_reset	8	static
sys_cfg.c:405:6:sys_ctrl_soft_watchdog_init	32	static
sys_cfg.c:429:6:sys_ctrl_soft_watchdog_reset	8	static
sys_cfg.c:435:6:sys_ctrl_soft_watchdog_enable	8	static
sys_cfg.c:441:6:sys_ctrl_soft_watchdog_disable	8	static
sys_cfg.c:447:6:sys_ctrl_soft_watchdog_increase_counter	16	static
sys_cfg.c:455:6:sys_ctrl_get_firmware_info	8	static
sys_cfg.c:473:6:task_irq_io_entry_trigger	0	static
sys_cfg.c:479:6:task_irq_io_exit_trigger	0	static
