system.c:326:30:svc_handler	0	static
system.c:339:30:pendsv_handler	0	static
system.c:192:6:default_handler	8	static
system.c:249:6:nmi_handler	8	static
system.c:253:6:hard_fault_handler	8	static
system.c:257:6:mem_manage_handler	8	static
system.c:261:6:bus_fault_handler	8	static
system.c:265:6:usage_fault_handler	8	static
system.c:274:6:systick_handler	8	static
system.c:433:6:usb_lp_irq	8	static
system.c:359:6:shell_handler	8	static
system.c:382:6:exti_line1_irq	8	static
system.c:415:6:timer7_irq	8	static
system.c:167:1:sys_ctrl_delay	0	static
system.c:196:6:reset_handler	24	static
system.c:177:10:sys_ctrl_millis	16	static
system.c:185:6:_init	0	static
system.c:300:6:svc_exe	16	static
system.c:393:6:exti_line15_irq	8	static
system.c:404:6:timer6_irq	8	static
system.c:422:6:timer4_irq	8	static
