task.c:54:16:task_irq_io_entry_trigger	0	static
task.c:61:16:task_irq_io_exit_trigger	0	static
task.c:67:6:task_create	8	static
task.c:81:6:task_post	16	static
task.c:122:9:task_remove_msg	24	static
task.c:180:6:task_post_pure_msg	16	static
task.c:186:6:task_post_common_msg	24	static
task.c:193:6:task_post_dynamic_msg	24	static
task.c:200:6:task_entry_interrupt	16	static
task.c:218:6:task_exit_interrupt	8	static
task.c:228:5:task_init	16	static
task.c:253:5:task_run	24	static
task.c:384:11:task_self	0	static
task.c:388:11:get_current_task_id	0	static
task.c:392:9:get_current_task_info	0	static
task.c:396:11:get_current_active_object	0	static
